Archive member included to satisfy reference by file (symbol)

/opt/intel/sgxsdk/lib64//libsgx_trts.a(ema_init.o)
                              (--whole-archive)
/opt/intel/sgxsdk/lib64//libsgx_trts.a(ema_rt.o)
                              (--whole-archive)
/opt/intel/sgxsdk/lib64//libsgx_trts.a(init_enclave.o)
                              (--whole-archive)
/opt/intel/sgxsdk/lib64//libsgx_trts.a(init_optimized_lib.o)
                              (--whole-archive)
/opt/intel/sgxsdk/lib64//libsgx_trts.a(trts.o)
                              (--whole-archive)
/opt/intel/sgxsdk/lib64//libsgx_trts.a(trts_add_trim.o)
                              (--whole-archive)
/opt/intel/sgxsdk/lib64//libsgx_trts.a(trts_ecall.o)
                              (--whole-archive)
/opt/intel/sgxsdk/lib64//libsgx_trts.a(trts_nsp.o)
                              (--whole-archive)
/opt/intel/sgxsdk/lib64//libsgx_trts.a(trts_ocall.o)
                              (--whole-archive)
/opt/intel/sgxsdk/lib64//libsgx_trts.a(trts_util.o)
                              (--whole-archive)
/opt/intel/sgxsdk/lib64//libsgx_trts.a(trts_veh.o)
                              (--whole-archive)
/opt/intel/sgxsdk/lib64//libsgx_trts.a(trts_version.o)
                              (--whole-archive)
/opt/intel/sgxsdk/lib64//libsgx_trts.a(trts_xsave.o)
                              (--whole-archive)
/opt/intel/sgxsdk/lib64//libsgx_trts.a(xsave_gnu.o)
                              (--whole-archive)
/opt/intel/sgxsdk/lib64//libsgx_trts.a(elf_parser.o)
                              (--whole-archive)
/opt/intel/sgxsdk/lib64//libsgx_trts.a(global_init.o)
                              (--whole-archive)
/opt/intel/sgxsdk/lib64//libsgx_trts.a(metadata_sec.o)
                              (--whole-archive)
/opt/intel/sgxsdk/lib64//libsgx_trts.a(thunk.o)
                              (--whole-archive)
/opt/intel/sgxsdk/lib64//libsgx_trts.a(tls_support.o)
                              (--whole-archive)
/opt/intel/sgxsdk/lib64//libsgx_trts.a(trts_pic.o)
                              (--whole-archive)
/opt/intel/sgxsdk/lib64//libsgx_trts.a(bit_array.o)
                              (--whole-archive)
/opt/intel/sgxsdk/lib64//libsgx_trts.a(ema.o)
                              (--whole-archive)
/opt/intel/sgxsdk/lib64//libsgx_trts.a(emalloc.o)
                              (--whole-archive)
/opt/intel/sgxsdk/lib64//libsgx_trts.a(emm_private.o)
                              (--whole-archive)
/opt/intel/sgxsdk/lib64//libsgx_trts.a(sgx_mm.o)
                              (--whole-archive)
/opt/intel/sgxsdk/lib64//libsgx_tservice.a(sgx_create_report.o)
                              launch_enclave.o (sgx_create_report)
/opt/intel/sgxsdk/lib64//libsgx_tservice.a(sgx_get_key.o)
                              launch_enclave.o (sgx_get_key)
/opt/intel/sgxsdk/lib64//libsgx_tservice.a(tservice_version.o)
                              /opt/intel/sgxsdk/lib64//libsgx_tservice.a(sgx_create_report.o) (sgx_tservice_version)
/opt/intel/sgxsdk/lib64//libsgx_tstdc.a(alloca.o)
                              /opt/intel/sgxsdk/lib64//libsgx_trts.a(trts_veh.o) (alloca)
/opt/intel/sgxsdk/lib64//libsgx_tstdc.a(sbrk.o)
                              /opt/intel/sgxsdk/lib64//libsgx_trts.a(init_enclave.o) (heap_init)
/opt/intel/sgxsdk/lib64//libsgx_tstdc.a(spinlock.o)
                              /opt/intel/sgxsdk/lib64//libsgx_trts.a(trts_ecall.o) (sgx_spin_lock)
/opt/intel/sgxsdk/lib64//libsgx_tstdc.a(malloc.o)
                              launch_enclave.o (malloc)
/opt/intel/sgxsdk/lib64//libsgx_tstdc.a(memset.o)
                              /opt/intel/sgxsdk/lib64//libsgx_tservice.a(sgx_create_report.o) (__memset)
/opt/intel/sgxsdk/lib64//libsgx_tstdc.a(memcmp.o)
                              launch_enclave.o (memcmp)
/opt/intel/sgxsdk/lib64//libsgx_tstdc.a(memcpy.o)
                              launch_enclave.o (memcpy)
/opt/intel/sgxsdk/lib64//libsgx_tstdc.a(memset.o)
                              launch_enclave.o (memset_verw)
/opt/intel/sgxsdk/lib64//libsgx_tstdc.a(memset_s.o)
                              launch_enclave.o (memset_s)
/opt/intel/sgxsdk/lib64//libsgx_tstdc.a(se_string_init.o)
                              /opt/intel/sgxsdk/lib64//libsgx_trts.a(init_optimized_lib.o) (sgx_init_string_lib)
/opt/intel/sgxsdk/lib64//libsgx_tstdc.a(tstdc_version.o)
                              /opt/intel/sgxsdk/lib64//libsgx_tstdc.a(se_string_init.o) (sgx_tstdc_version)
/opt/intel/sgxsdk/lib64//libsgx_tstdc.a(stack_chk.o)
                              launch_enclave.o (__stack_chk_fail)
/opt/intel/sgxsdk/lib64//libsgx_tstdc.a(sethread_spinlock.o)
                              /opt/intel/sgxsdk/lib64//libsgx_trts.a(ema_rt.o) (sgx_thread_spin_destroy)
/opt/intel/sgxsdk/lib64//libsgx_tstdc.a(memcpy_s.o)
                              launch_enclave.o (memcpy_s)
/opt/intel/sgxsdk/lib64//libsgx_tstdc.a(_setjmp.o)
[...]
Memory Configuration

Name             Origin             Length             Attributes
*default*        0x0000000000000000 0xffffffffffffffff

Linker script and memory map

LOAD launch_enclave.o
LOAD version.o
LOAD /opt/intel/sgxsdk/lib64//libsgx_trts.a
START GROUP
LOAD /opt/intel/sgxsdk/lib64//libsgx_tservice.a
LOAD /opt/intel/sgxsdk/lib64//libsgx_tstdc.a
LOAD /opt/intel/sgxsdk/lib64//libsgx_tcrypto.a
LOAD /opt/intel/sgxsdk/lib64//libsgx_tcxx.a
END GROUP
                0x0000000000000000                __ImageBase = 0x0
                [!provide]                        PROVIDE (__executable_start = SEGMENT_START ("text-segment", 0x0))
                0x00000000000002a8                . = (SEGMENT_START ("text-segment", 0x0) + SIZEOF_HEADERS)

.interp         0x00000000000002a8       0x1c
 *(.interp)
 .interp        0x00000000000002a8       0x1c launch_enclave.o

.note.gnu.build-id
                0x00000000000002c4       0x24
 *(.note.gnu.build-id)
 .note.gnu.build-id
                0x00000000000002c4       0x24 launch_enclave.o

.hash
 *(.hash)

.gnu.hash       0x00000000000002e8       0x34
 *(.gnu.hash)
 .gnu.hash      0x00000000000002e8       0x34 launch_enclave.o

.dynsym         0x0000000000000320       0x90
 *(.dynsym)
 .dynsym        0x0000000000000320       0x90 launch_enclave.o

.dynstr         0x00000000000003b0       0x7b
 *(.dynstr)
 .dynstr        0x00000000000003b0       0x7b launch_enclave.o

.gnu.version    0x000000000000042c        0x0
 *(.gnu.version)
 .gnu.version   0x000000000000042c        0x0 launch_enclave.o

.gnu.version_d  0x0000000000000430        0x0
 *(.gnu.version_d)
 .gnu.version_d
                0x0000000000000430        0x0 launch_enclave.o

.gnu.version_r  0x0000000000000430        0x0
 *(.gnu.version_r)
 .gnu.version_r
                0x0000000000000430        0x0 launch_enclave.o

.rela.dyn       0x0000000000000430      0xb70
 *(.rela.init)
 *(.rela.text .rela.text.* .rela.gnu.linkonce.t.*)
 .rela.text._ZL10trts_ecalljPv
                0x0000000000000430        0x0 launch_enclave.o
 *(.rela.fini)
 *(.rela.rodata .rela.rodata.* .rela.gnu.linkonce.r.*)
 *(.rela.data .rela.data.* .rela.gnu.linkonce.d.*)
 .rela.data.rel.ro
                0x0000000000000430        0x0 launch_enclave.o
 .rela.data.rel.ro.local.g_ecall_table
                0x0000000000000430       0x30 launch_enclave.o
 .rela.data.rel.local.g_user_ema_root
                0x0000000000000460       0x18 launch_enclave.o
 .rela.data.rel.local.user_ema_guard
                0x0000000000000478       0x30 launch_enclave.o
 .rela.data.rel.local.g_rts_ema_root
                0x00000000000004a8       0x18 launch_enclave.o
 .rela.data.rel.local.rts_ema_guard
                0x00000000000004c0       0x30 launch_enclave.o
 .rela.data.rel.__memset_vp
                0x00000000000004f0       0x18 launch_enclave.o
 .rela.data.rel.ro.local
                0x0000000000000508      0x3f0 launch_enclave.o
 .rela.data.rel
                0x00000000000008f8      0x318 launch_enclave.o
 .rela.data.rel.local
                0x0000000000000c10      0x168 launch_enclave.o
 *(.rela.tdata .rela.tdata.* .rela.gnu.linkonce.td.*)
 *(.rela.tbss .rela.tbss.* .rela.gnu.linkonce.tb.*)
 *(.rela.ctors)
 *(.rela.dtors)
 *(.rela.got)
 .rela.got      0x0000000000000d78      0x1b0 launch_enclave.o
 *(.rela.bss .rela.bss.* .rela.gnu.linkonce.b.*)
 .rela.bss      0x0000000000000f28        0x0 launch_enclave.o
 *(.rela.ldata .rela.ldata.* .rela.gnu.linkonce.l.*)
 *(.rela.lbss .rela.lbss.* .rela.gnu.linkonce.lb.*)
 *(.rela.lrodata .rela.lrodata.* .rela.gnu.linkonce.lr.*)
 *(.rela.ifunc)
 .rela.ifunc    0x0000000000000f28        0x0 launch_enclave.o
 .rela.fini_array
                0x0000000000000f28       0x78 launch_enclave.o
 .rela.nipx     0x0000000000000fa0        0x0 launch_enclave.o

.rela.plt       0x0000000000000fa0        0x0
 *(.rela.plt)
 .rela.plt      0x0000000000000fa0        0x0 launch_enclave.o
 *(.rela.iplt)
                0x0000000000001000                . = ALIGN (CONSTANT (MAXPAGESIZE))

.init
 *(SORT_NONE(.init))

.plt            0x0000000000001000       0x10
 *(.plt)
 .plt           0x0000000000001000       0x10 launch_enclave.o
 *(.iplt)

.plt.got        0x0000000000001010        0x8
 *(.plt.got)
 .plt.got       0x0000000000001010        0x8 launch_enclave.o

.plt.sec
 *(.plt.sec)

.text           0x0000000000001040    0x79d97
 *(.text.unlikely .text.*_unlikely .text.unlikely.*)
 *(.text.exit .text.exit.*)
 .text.exit.trts_access_version_dummy1
                0x0000000000001040        0xf /opt/intel/sgxsdk/lib64//libsgx_trts.a(trts.o)
                0x0000000000001040                trts_access_version_dummy1
 *fill*         0x000000000000104f        0x1 
 .text.exit.tservice_access_version_dummy1
                0x0000000000001050       0x13 /opt/intel/sgxsdk/lib64//libsgx_tservice.a(sgx_create_report.o)
                0x0000000000001050                tservice_access_version_dummy1
 *fill*         0x0000000000001063        0xd 
 .text.exit.tservice_access_version_dummy2
                0x0000000000001070       0x13 /opt/intel/sgxsdk/lib64//libsgx_tservice.a(sgx_get_key.o)
                0x0000000000001070                tservice_access_version_dummy2
 *fill*         0x0000000000001083        0xd 
 .text.exit.tstdc_access_version_dummy1
                0x0000000000001090       0x13 /opt/intel/sgxsdk/lib64//libsgx_tstdc.a(se_string_init.o)
                0x0000000000001090                tstdc_access_version_dummy1
 *fill*         0x00000000000010a3        0xd 
 .text.exit.tcrypto_access_version_dummy1
                0x00000000000010b0       0x13 /opt/intel/sgxsdk/lib64//libsgx_tcrypto.a(init_tcrypto_lib.o)
                0x00000000000010b0                tcrypto_access_version_dummy1
 *(.text.startup .text.startup.*)
 *(.text.hot .text.hot.*)
 *(SORT_BY_NAME(.text.sorted.*))
 *(.text .stub .text.* .gnu.linkonce.t.*)
 *fill*         0x00000000000010c3        0xd 
 .text._Z24le_generate_launch_tokenPK18_sgx_measurement_tS1_PK13_attributes_tP9_launch_t.part.0
                0x00000000000010d0      0x437 launch_enclave.o
 *fill*         0x0000000000001507        0x9 
 .text.le_get_launch_token_wrapper
                0x0000000000001510       0x46 launch_enclave.o
                0x0000000000001510                le_get_launch_token_wrapper
 *fill*         0x0000000000001556        0xa 
 .text._ZL31sgx_le_get_launch_token_wrapperPv
                0x0000000000001560      0x3eb launch_enclave.o
 *fill*         0x000000000000194b        0x5 
 .text._Z18le_init_white_listPK16_wl_cert_chain_tjj
                0x0000000000001950      0x47a launch_enclave.o
                0x0000000000001950                le_init_white_list(_wl_cert_chain_t const*, unsigned int, unsigned int)
 *fill*         0x0000000000001dca        0x6 
 .text.le_init_white_list_wrapper
                0x0000000000001dd0       0x7e launch_enclave.o
                0x0000000000001dd0                le_init_white_list_wrapper
 *fill*         0x0000000000001e4e        0x2 
 .text._ZL30sgx_le_init_white_list_wrapperPv
                0x0000000000001e50      0x184 launch_enclave.o
 *fill*         0x0000000000001fd4        0xc 
 .text._ZL22init_rts_contexts_emasP9_layout_tS0_m
                0x0000000000001fe0      0x213 /opt/intel/sgxsdk/lib64//libsgx_trts.a(ema_init.o)
 *fill*         0x00000000000021f3        0xd 
 .text.init_rts_emas
                0x0000000000002200       0x3c /opt/intel/sgxsdk/lib64//libsgx_trts.a(ema_init.o)
                0x0000000000002200                init_rts_emas
 *fill*         0x000000000000223c        0x4 
 .text.sgx_mm_alloc_ocall
                0x0000000000002240       0x8f /opt/intel/sgxsdk/lib64//libsgx_trts.a(ema_rt.o)
                0x0000000000002240                sgx_mm_alloc_ocall
 *fill*         0x00000000000022cf        0x1 
 .text.sgx_mm_modify_ocall
                0x00000000000022d0       0x8f /opt/intel/sgxsdk/lib64//libsgx_trts.a(ema_rt.o)
                0x00000000000022d0                sgx_mm_modify_ocall
 *fill*         0x000000000000235f        0x1 
 .text.sgx_mm_register_pfhandler
                0x0000000000002360       0x25 /opt/intel/sgxsdk/lib64//libsgx_trts.a(ema_rt.o)
                0x0000000000002360                sgx_mm_register_pfhandler
 *fill*         0x0000000000002385        0xb 
 .text.sgx_mm_mutex_create
                0x0000000000002390       0x32 /opt/intel/sgxsdk/lib64//libsgx_trts.a(ema_rt.o)
                0x0000000000002390                sgx_mm_mutex_create
 *fill*         0x00000000000023c2        0xe 
 .text.sgx_mm_mutex_lock
                0x00000000000023d0       0x1e /opt/intel/sgxsdk/lib64//libsgx_trts.a(ema_rt.o)
                0x00000000000023d0                sgx_mm_mutex_lock
 *fill*         0x00000000000023ee        0x2 
 .text.sgx_mm_mutex_unlock
                0x00000000000023f0        0x9 /opt/intel/sgxsdk/lib64//libsgx_trts.a(ema_rt.o)
                0x00000000000023f0                sgx_mm_mutex_unlock
 *fill*         0x00000000000023f9        0x7 
 .text.sgx_mm_is_within_enclave
                0x0000000000002400       0x17 /opt/intel/sgxsdk/lib64//libsgx_trts.a(ema_rt.o)
                0x0000000000002400                sgx_mm_is_within_enclave
 *fill*         0x0000000000002417        0x9 
 .text.init_optimized_libs
                0x0000000000002420      0x164 /opt/intel/sgxsdk/lib64//libsgx_trts.a(init_optimized_lib.o)
                0x0000000000002420                init_optimized_libs
 *fill*         0x0000000000002584        0xc 
 .text.sgx_is_within_enclave
                0x0000000000002590       0x52 /opt/intel/sgxsdk/lib64//libsgx_trts.a(trts.o)
                0x0000000000002590                sgx_is_within_enclave
 *fill*         0x00000000000025e2        0xe 
 .text.sgx_is_outside_enclave
                0x00000000000025f0       0x4a /opt/intel/sgxsdk/lib64//libsgx_trts.a(trts.o)
                0x00000000000025f0                sgx_is_outside_enclave
 *fill*         0x000000000000263a        0x6 
 .text.sgx_ocalloc
                0x0000000000002640       0xe7 /opt/intel/sgxsdk/lib64//libsgx_trts.a(trts.o)
                0x0000000000002640                sgx_ocalloc
 *fill*         0x0000000000002727        0x9 
 .text.sgx_ocfree
                0x0000000000002730       0x60 /opt/intel/sgxsdk/lib64//libsgx_trts.a(trts.o)
                0x0000000000002730                sgx_ocfree
 .text.sgx_read_rand
                0x0000000000002790      0x130 /opt/intel/sgxsdk/lib64//libsgx_trts.a(trts.o)
                0x0000000000002790                sgx_read_rand
 .text.check_static_stack_canary
                0x00000000000028c0       0x1e /opt/intel/sgxsdk/lib64//libsgx_trts.a(trts.o)
                0x00000000000028c0                check_static_stack_canary
 *fill*         0x00000000000028de        0x2 
 .text.sgx_wrpkru
                0x00000000000028e0       0x29 /opt/intel/sgxsdk/lib64//libsgx_trts.a(trts.o)
                0x00000000000028e0                sgx_wrpkru
 *fill*         0x0000000000002909        0x7 
 .text._ZL25check_dynamic_entry_rangePvmtmP24dynamic_flags_attributes.constprop.0
                0x0000000000002910       0xcc /opt/intel/sgxsdk/lib64//libsgx_trts.a(trts_add_trim.o)
 *fill*         0x00000000000029dc        0x4 
 .text._ZL19check_dynamic_rangePvmPmP24dynamic_flags_attributes.constprop.0
                0x00000000000029e0      0x1e1 /opt/intel/sgxsdk/lib64//libsgx_trts.a(trts_add_trim.o)
 *fill*         0x0000000000002bc1        0xf 
 .text.is_dynamic_thread
                0x0000000000002bd0       0x5c /opt/intel/sgxsdk/lib64//libsgx_trts.a(trts_add_trim.o)
                0x0000000000002bd0                is_dynamic_thread
 *fill*         0x0000000000002c2c        0x4 
 .text.is_dynamic_thread_exist
                0x0000000000002c30       0x63 /opt/intel/sgxsdk/lib64//libsgx_trts.a(trts_add_trim.o)
                0x0000000000002c30                is_dynamic_thread_exist
 *fill*         0x0000000000002c93        0xd 
 .text.get_dynamic_stack_max_page
                0x0000000000002ca0       0x53 /opt/intel/sgxsdk/lib64//libsgx_trts.a(trts_add_trim.o)
                0x0000000000002ca0                get_dynamic_stack_max_page
 *fill*         0x0000000000002cf3        0xd 
 .text.do_add_thread
                0x0000000000002d00      0x1a3 /opt/intel/sgxsdk/lib64//libsgx_trts.a(trts_add_trim.o)
                0x0000000000002d00                do_add_thread
 *fill*         0x0000000000002ea3        0xd 
 .text._pthread_thread_run
                0x0000000000002eb0        0x7 /opt/intel/sgxsdk/lib64//libsgx_trts.a(trts_ecall.o)
                0x0000000000002eb0                _pthread_thread_run
 *fill*         0x0000000000002eb7        0x9 
 .text._ZL11do_save_tcsPv
                0x0000000000002ec0       0xc7 /opt/intel/sgxsdk/lib64//libsgx_trts.a(trts_ecall.o)
 *fill*         0x0000000000002f87        0x9 
 .text._ZL18add_static_threadsPVK9_layout_tS1_m
                0x0000000000002f90       0xdb /opt/intel/sgxsdk/lib64//libsgx_trts.a(trts_ecall.o)
 *fill*         0x000000000000306b        0x5 
 .text._ZL10trts_ecalljPv
                0x0000000000003070      0x1c0 /opt/intel/sgxsdk/lib64//libsgx_trts.a(trts_ecall.o)
 .text._Z30_random_stack_noinline_wrapperI9_status_tJjPvEJRiRS1_EET_PFS4_DpT0_EDpOT1_.isra.0.constprop.0
                0x0000000000003230        0x5 /opt/intel/sgxsdk/lib64//libsgx_trts.a(trts_ecall.o)
 *fill*         0x0000000000003235        0xb 
 .text._Z16_pthread_enabledv
                0x0000000000003240        0x7 /opt/intel/sgxsdk/lib64//libsgx_trts.a(trts_ecall.o)
                0x0000000000003240                _pthread_enabled()
 *fill*         0x0000000000003247        0x9 
 .text._Z24_pthread_tls_store_state9_status_t
                0x0000000000003250        0x5 /opt/intel/sgxsdk/lib64//libsgx_trts.a(trts_ecall.o)
                0x0000000000003250                _pthread_tls_store_state(_status_t)
 *fill*         0x0000000000003255        0xb 
 .text._Z22_pthread_tls_get_statev
                0x0000000000003260        0x7 /opt/intel/sgxsdk/lib64//libsgx_trts.a(trts_ecall.o)
                0x0000000000003260                _pthread_tls_get_state()
 *fill*         0x0000000000003267        0x9 
 .text._Z26_pthread_tls_store_contextPv
                0x0000000000003270        0x5 /opt/intel/sgxsdk/lib64//libsgx_trts.a(trts_ecall.o)
                0x0000000000003270                _pthread_tls_store_context(void*)
 *fill*         0x0000000000003275        0xb 
 .text._Z20_pthread_wakeup_joinPv
                0x0000000000003280        0x5 /opt/intel/sgxsdk/lib64//libsgx_trts.a(trts_ecall.o)
                0x0000000000003280                _pthread_wakeup_join(void*)
 *fill*         0x0000000000003285        0xb 
 .text._Z24_pthread_tls_destructorsv
                0x0000000000003290        0x5 /opt/intel/sgxsdk/lib64//libsgx_trts.a(trts_ecall.o)
                0x0000000000003290                _pthread_tls_destructors()
 *fill*         0x0000000000003295        0xb 
 .text.tc_set_idle
                0x00000000000032a0        0x5 /opt/intel/sgxsdk/lib64//libsgx_trts.a(trts_ecall.o)
                0x00000000000032a0                tc_set_idle
 *fill*         0x00000000000032a5        0xb 
 .text.do_init_thread
                0x00000000000032b0      0x1d2 /opt/intel/sgxsdk/lib64//libsgx_trts.a(trts_ecall.o)
                0x00000000000032b0                do_init_thread
 *fill*         0x0000000000003482        0xe 
 .text.do_ecall
                0x0000000000003490      0x1ec /opt/intel/sgxsdk/lib64//libsgx_trts.a(trts_ecall.o)
                0x0000000000003490                do_ecall
 *fill*         0x000000000000367c        0x4 
 .text.do_ecall_add_thread
                0x0000000000003680       0xea /opt/intel/sgxsdk/lib64//libsgx_trts.a(trts_ecall.o)
                0x0000000000003680                do_ecall_add_thread
 *fill*         0x000000000000376a        0x6 
 .text.do_uninit_enclave
                0x0000000000003770       0xef /opt/intel/sgxsdk/lib64//libsgx_trts.a(trts_ecall.o)
                0x0000000000003770                do_uninit_enclave
 *fill*         0x000000000000385f        0x1 
 .text.sgx_ocall
                0x0000000000003860       0x2e /opt/intel/sgxsdk/lib64//libsgx_trts.a(trts_ocall.o)
                0x0000000000003860                sgx_ocall
 *fill*         0x000000000000388e        0x2 
 .text.update_ocall_lastsp
                0x0000000000003890       0x3b /opt/intel/sgxsdk/lib64//libsgx_trts.a(trts_ocall.o)
                0x0000000000003890                update_ocall_lastsp
 *fill*         0x00000000000038cb        0x5 
 .text.do_oret  0x00000000000038d0       0x91 /opt/intel/sgxsdk/lib64//libsgx_trts.a(trts_ocall.o)
                0x00000000000038d0                do_oret
 *fill*         0x0000000000003961        0xf 
 .text.get_heap_base
                0x0000000000003970       0x20 /opt/intel/sgxsdk/lib64//libsgx_trts.a(trts_util.o)
                0x0000000000003970                get_heap_base
 .text.get_heap_size
                0x0000000000003990       0x61 /opt/intel/sgxsdk/lib64//libsgx_trts.a(trts_util.o)
                0x0000000000003990                get_heap_size
 *fill*         0x00000000000039f1        0xf 
 .text.get_heap_min_size
                0x0000000000003a00       0x53 /opt/intel/sgxsdk/lib64//libsgx_trts.a(trts_util.o)
                0x0000000000003a00                get_heap_min_size
 *fill*         0x0000000000003a53        0xd 
 .text.get_rsrv_base
                0x0000000000003a60       0x20 /opt/intel/sgxsdk/lib64//libsgx_trts.a(trts_util.o)
                0x0000000000003a60                get_rsrv_base
 .text.get_rsrv_size
                0x0000000000003a80       0x61 /opt/intel/sgxsdk/lib64//libsgx_trts.a(trts_util.o)
                0x0000000000003a80                get_rsrv_size
 *fill*         0x0000000000003ae1        0xf 
 .text.get_rsrv_min_size
                0x0000000000003af0       0x53 /opt/intel/sgxsdk/lib64//libsgx_trts.a(trts_util.o)
                0x0000000000003af0                get_rsrv_min_size
 *fill*         0x0000000000003b43        0xd 
 .text.get_errno_addr
                0x0000000000003b50       0x16 /opt/intel/sgxsdk/lib64//libsgx_trts.a(trts_util.o)
                0x0000000000003b50                get_errno_addr
 *fill*         0x0000000000003b66        0xa 
 .text.feature_supported
                0x0000000000003b70       0x43 /opt/intel/sgxsdk/lib64//libsgx_trts.a(trts_util.o)
                0x0000000000003b70                feature_supported
 *fill*         0x0000000000003bb3        0xd 
 .text.is_stack_addr
                0x0000000000003bc0       0x3f /opt/intel/sgxsdk/lib64//libsgx_trts.a(trts_util.o)
                0x0000000000003bc0                is_stack_addr
 *fill*         0x0000000000003bff        0x1 
 .text.is_valid_sp
                0x0000000000003c00       0x2e /opt/intel/sgxsdk/lib64//libsgx_trts.a(trts_util.o)
                0x0000000000003c00                is_valid_sp
 *fill*         0x0000000000003c2e        0x2 
 .text.is_utility_thread
                0x0000000000003c30       0x25 /opt/intel/sgxsdk/lib64//libsgx_trts.a(trts_util.o)
                0x0000000000003c30                is_utility_thread
 *fill*         0x0000000000003c55        0xb 
 .text.is_pkru_enabled
                0x0000000000003c60       0x19 /opt/intel/sgxsdk/lib64//libsgx_trts.a(trts_util.o)
                0x0000000000003c60                is_pkru_enabled
 *fill*         0x0000000000003c79        0x7 
 .text.get_xsave_size
                0x0000000000003c80       0x13 /opt/intel/sgxsdk/lib64//libsgx_trts.a(trts_util.o)
                0x0000000000003c80                get_xsave_size
 *fill*         0x0000000000003c93        0xd 
 .text.internal_handle_exception
                0x0000000000003ca0      0x1a9 /opt/intel/sgxsdk/lib64//libsgx_trts.a(trts_veh.o)
                0x0000000000003ca0                internal_handle_exception
 *fill*         0x0000000000003e49        0x7 
 .text.trts_handle_exception
                0x0000000000003e50      0x300 /opt/intel/sgxsdk/lib64//libsgx_trts.a(trts_veh.o)
                0x0000000000003e50                trts_handle_exception
 .text.get_xfeature_state
                0x0000000000004150       0x25 /opt/intel/sgxsdk/lib64//libsgx_trts.a(trts_xsave.o)
                0x0000000000004150                get_xfeature_state
 *fill*         0x0000000000004175        0xb 
 .text.has_text_relo
                0x0000000000004180       0x76 /opt/intel/sgxsdk/lib64//libsgx_trts.a(elf_parser.o)
 *fill*         0x00000000000041f6        0xa 
 .text.do_relocs
                0x0000000000004200      0x1ca /opt/intel/sgxsdk/lib64//libsgx_trts.a(elf_parser.o)
 *fill*         0x00000000000043ca        0x6 
 .text.relocate_enclave
                0x00000000000043d0      0x1e1 /opt/intel/sgxsdk/lib64//libsgx_trts.a(elf_parser.o)
                0x00000000000043d0                relocate_enclave
 *fill*         0x00000000000045b1        0xf 
 .text.elf_tls_info
                0x00000000000045c0       0x9a /opt/intel/sgxsdk/lib64//libsgx_trts.a(elf_parser.o)
                0x00000000000045c0                elf_tls_info
 *fill*         0x000000000000465a        0x6 
 .text.elf_get_init_array
                0x0000000000004660       0xe4 /opt/intel/sgxsdk/lib64//libsgx_trts.a(elf_parser.o)
                0x0000000000004660                elf_get_init_array
 *fill*         0x0000000000004744        0xc 
 .text.elf_get_uninit_array
                0x0000000000004750       0xe4 /opt/intel/sgxsdk/lib64//libsgx_trts.a(elf_parser.o)
                0x0000000000004750                elf_get_uninit_array
 *fill*         0x0000000000004834        0xc 
 .text.change_protection
                0x0000000000004840      0x1e1 /opt/intel/sgxsdk/lib64//libsgx_trts.a(elf_parser.o)
                0x0000000000004840                change_protection
 *fill*         0x0000000000004a21        0xf 
 .text.init_segment_emas
                0x0000000000004a30      0x116 /opt/intel/sgxsdk/lib64//libsgx_trts.a(elf_parser.o)
                0x0000000000004a30                init_segment_emas
 *fill*         0x0000000000004b46        0xa 
 .text.init_global_object
                0x0000000000004b50       0x97 /opt/intel/sgxsdk/lib64//libsgx_trts.a(global_init.o)
                0x0000000000004b50                init_global_object
 *fill*         0x0000000000004be7        0x9 
 .text.uninit_global_object
                0x0000000000004bf0       0xc8 /opt/intel/sgxsdk/lib64//libsgx_trts.a(global_init.o)
                0x0000000000004bf0                uninit_global_object
 *fill*         0x0000000000004cb8        0x8 
 .text.bit_array_new
                0x0000000000004cc0       0x6b /opt/intel/sgxsdk/lib64//libsgx_trts.a(bit_array.o)
                0x0000000000004cc0                bit_array_new
 *fill*         0x0000000000004d2b        0x5 
 .text.bit_array_new_set
                0x0000000000004d30       0x2a /opt/intel/sgxsdk/lib64//libsgx_trts.a(bit_array.o)
                0x0000000000004d30                bit_array_new_set
 *fill*         0x0000000000004d5a        0x6 
 .text.bit_array_new_reset
                0x0000000000004d60       0x27 /opt/intel/sgxsdk/lib64//libsgx_trts.a(bit_array.o)
                0x0000000000004d60                bit_array_new_reset
 *fill*         0x0000000000004d87        0x9 
 .text.bit_array_delete
                0x0000000000004d90       0x1a /opt/intel/sgxsdk/lib64//libsgx_trts.a(bit_array.o)
                0x0000000000004d90                bit_array_delete
 *fill*         0x0000000000004daa        0x6 
 .text.bit_array_test
                0x0000000000004db0       0x23 /opt/intel/sgxsdk/lib64//libsgx_trts.a(bit_array.o)
                0x0000000000004db0                bit_array_test
 *fill*         0x0000000000004dd3        0xd 
 .text.bit_array_test_range
                0x0000000000004de0       0xb6 /opt/intel/sgxsdk/lib64//libsgx_trts.a(bit_array.o)
                0x0000000000004de0                bit_array_test_range
 *fill*         0x0000000000004e96        0xa 
 .text.bit_array_set
                0x0000000000004ea0       0x1f /opt/intel/sgxsdk/lib64//libsgx_trts.a(bit_array.o)
                0x0000000000004ea0                bit_array_set
 *fill*         0x0000000000004ebf        0x1 
 .text.bit_array_set_all
                0x0000000000004ec0       0x18 /opt/intel/sgxsdk/lib64//libsgx_trts.a(bit_array.o)
                0x0000000000004ec0                bit_array_set_all
 *fill*         0x0000000000004ed8        0x8 
 .text.bit_array_reset_range
                0x0000000000004ee0       0xb5 /opt/intel/sgxsdk/lib64//libsgx_trts.a(bit_array.o)
                0x0000000000004ee0                bit_array_reset_range
 *fill*         0x0000000000004f95        0xb 
 .text.bit_array_reset_all
                0x0000000000004fa0       0x15 /opt/intel/sgxsdk/lib64//libsgx_trts.a(bit_array.o)
                0x0000000000004fa0                bit_array_reset_all
 *fill*         0x0000000000004fb5        0xb 
 .text.bit_array_split
                0x0000000000004fc0      0x269 /opt/intel/sgxsdk/lib64//libsgx_trts.a(bit_array.o)
                0x0000000000004fc0                bit_array_split
 *fill*         0x0000000000005229        0x7 
 .text.remove_ema
                0x0000000000005230       0x2b /opt/intel/sgxsdk/lib64//libsgx_trts.a(ema.o)
 *fill*         0x000000000000525b        0x5 
 .text.ema_do_uncommit_real
                0x0000000000005260      0x1d4 /opt/intel/sgxsdk/lib64//libsgx_trts.a(ema.o)
 *fill*         0x0000000000005434        0xc 
 .text.get_ema_alloc_flags
                0x0000000000005440        0x8 /opt/intel/sgxsdk/lib64//libsgx_trts.a(ema.o)
                0x0000000000005440                get_ema_alloc_flags
 *fill*         0x0000000000005448        0x8 
 .text.get_ema_si_flags
                0x0000000000005450        0x9 /opt/intel/sgxsdk/lib64//libsgx_trts.a(ema.o)
                0x0000000000005450                get_ema_si_flags
 *fill*         0x0000000000005459        0x7 
 .text.ema_fault_handler
                0x0000000000005460       0x15 /opt/intel/sgxsdk/lib64//libsgx_trts.a(ema.o)
                0x0000000000005460                ema_fault_handler
 *fill*         0x0000000000005475        0xb 
 .text.ema_set_eaccept_full
                0x0000000000005480       0x3c /opt/intel/sgxsdk/lib64//libsgx_trts.a(ema.o)
                0x0000000000005480                ema_set_eaccept_full
 *fill*         0x00000000000054bc        0x4 
 .text.ema_clear_eaccept_full
                0x00000000000054c0       0x3c /opt/intel/sgxsdk/lib64//libsgx_trts.a(ema.o)
                0x00000000000054c0                ema_clear_eaccept_full
 *fill*         0x00000000000054fc        0x4 
 .text.ema_page_committed
                0x0000000000005500       0x23 /opt/intel/sgxsdk/lib64//libsgx_trts.a(ema.o)
                0x0000000000005500                ema_page_committed
 *fill*         0x0000000000005523        0xd 
 .text.search_ema
                0x0000000000005530       0x2d /opt/intel/sgxsdk/lib64//libsgx_trts.a(ema.o)
                0x0000000000005530                search_ema
 *fill*         0x000000000000555d        0x3 
 .text.search_ema_range
                0x0000000000005560       0x74 /opt/intel/sgxsdk/lib64//libsgx_trts.a(ema.o)
                0x0000000000005560                search_ema_range
 *fill*         0x00000000000055d4        0xc 
 .text.ema_split
                0x00000000000055e0      0x154 /opt/intel/sgxsdk/lib64//libsgx_trts.a(ema.o)
                0x00000000000055e0                ema_split
 *fill*         0x0000000000005734        0xc 
 .text.ema_split_ex
                0x0000000000005740       0xb2 /opt/intel/sgxsdk/lib64//libsgx_trts.a(ema.o)
                0x0000000000005740                ema_split_ex
 *fill*         0x00000000000057f2        0xe 
 .text.find_free_region
                0x0000000000005800      0x310 /opt/intel/sgxsdk/lib64//libsgx_trts.a(ema.o)
                0x0000000000005800                find_free_region
 .text.find_free_region_at
                0x0000000000005b10       0xcc /opt/intel/sgxsdk/lib64//libsgx_trts.a(ema.o)
                0x0000000000005b10                find_free_region_at
 *fill*         0x0000000000005bdc        0x4 
 .text.ema_new  0x0000000000005be0      0x11f /opt/intel/sgxsdk/lib64//libsgx_trts.a(ema.o)
                0x0000000000005be0                ema_new
 *fill*         0x0000000000005cff        0x1 
 .text.ema_destroy
                0x0000000000005d00       0x24 /opt/intel/sgxsdk/lib64//libsgx_trts.a(ema.o)
                0x0000000000005d00                ema_destroy
 *fill*         0x0000000000005d24        0xc 
 .text.do_commit
                0x0000000000005d30       0xc7 /opt/intel/sgxsdk/lib64//libsgx_trts.a(ema.o)
                0x0000000000005d30                do_commit
 *fill*         0x0000000000005df7        0x9 
 .text.ema_do_commit
                0x0000000000005e00       0xe6 /opt/intel/sgxsdk/lib64//libsgx_trts.a(ema.o)
                0x0000000000005e00                ema_do_commit
 *fill*         0x0000000000005ee6        0xa 
 .text.ema_do_commit_loop
                0x0000000000005ef0       0xd0 /opt/intel/sgxsdk/lib64//libsgx_trts.a(ema.o)
                0x0000000000005ef0                ema_do_commit_loop
 .text.ema_change_to_tcs
                0x0000000000005fc0      0x154 /opt/intel/sgxsdk/lib64//libsgx_trts.a(ema.o)
                0x0000000000005fc0                ema_change_to_tcs
 *fill*         0x0000000000006114        0xc 
 .text.ema_modify_permissions
                0x0000000000006120      0x205 /opt/intel/sgxsdk/lib64//libsgx_trts.a(ema.o)
                0x0000000000006120                ema_modify_permissions
 *fill*         0x0000000000006325        0xb 
 .text.ema_do_uncommit
                0x0000000000006330       0x66 /opt/intel/sgxsdk/lib64//libsgx_trts.a(ema.o)
                0x0000000000006330                ema_do_uncommit
 *fill*         0x0000000000006396        0xa 
 .text.ema_do_uncommit_loop
                0x00000000000063a0       0xb0 /opt/intel/sgxsdk/lib64//libsgx_trts.a(ema.o)
                0x00000000000063a0                ema_do_uncommit_loop
 .text.ema_do_dealloc
                0x0000000000006450       0xfe /opt/intel/sgxsdk/lib64//libsgx_trts.a(ema.o)
                0x0000000000006450                ema_do_dealloc
 *fill*         0x000000000000654e        0x2 
 .text.ema_do_dealloc_loop
                0x0000000000006550       0x48 /opt/intel/sgxsdk/lib64//libsgx_trts.a(ema.o)
                0x0000000000006550                ema_do_dealloc_loop
 *fill*         0x0000000000006598        0x8 
 .text.ema_modify_permissions_loop
                0x00000000000065a0      0x106 /opt/intel/sgxsdk/lib64//libsgx_trts.a(ema.o)
                0x00000000000065a0                ema_modify_permissions_loop
 *fill*         0x00000000000066a6        0xa 
 .text.ema_realloc_from_reserve_range
                0x00000000000066b0      0x16a /opt/intel/sgxsdk/lib64//libsgx_trts.a(ema.o)
                0x00000000000066b0                ema_realloc_from_reserve_range
 *fill*         0x000000000000681a        0x6 
 .text.ema_do_alloc
                0x0000000000006820       0xb0 /opt/intel/sgxsdk/lib64//libsgx_trts.a(ema.o)
                0x0000000000006820                ema_do_alloc
 .text.remove_from_list
                0x00000000000068d0       0x4f /opt/intel/sgxsdk/lib64//libsgx_trts.a(emalloc.o)
 *fill*         0x000000000000691f        0x1 
 .text.put_free_block
                0x0000000000006920       0x7b /opt/intel/sgxsdk/lib64//libsgx_trts.a(emalloc.o)
 *fill*         0x000000000000699b        0x5 
 .text.get_large_block_end_at
                0x00000000000069a0       0x43 /opt/intel/sgxsdk/lib64//libsgx_trts.a(emalloc.o)
 *fill*         0x00000000000069e3        0xd 
 .text.add_reserve
                0x00000000000069f0      0x13a /opt/intel/sgxsdk/lib64//libsgx_trts.a(emalloc.o)
 *fill*         0x0000000000006b2a        0x6 
 .text.emalloc_init
                0x0000000000006b30       0x49 /opt/intel/sgxsdk/lib64//libsgx_trts.a(emalloc.o)
                0x0000000000006b30                emalloc_init
 *fill*         0x0000000000006b79        0x7 
 .text.emalloc  0x0000000000006b80      0x1f3 /opt/intel/sgxsdk/lib64//libsgx_trts.a(emalloc.o)
                0x0000000000006b80                emalloc
 *fill*         0x0000000000006d73        0xd 
 .text.can_erealloc
                0x0000000000006d80       0x46 /opt/intel/sgxsdk/lib64//libsgx_trts.a(emalloc.o)
                0x0000000000006d80                can_erealloc
 *fill*         0x0000000000006dc6        0xa 
 .text.efree    0x0000000000006dd0      0x232 /opt/intel/sgxsdk/lib64//libsgx_trts.a(emalloc.o)
                0x0000000000006dd0                efree
 *fill*         0x0000000000007002        0xe 
 .text.mm_init_ema
                0x0000000000007010      0x10d /opt/intel/sgxsdk/lib64//libsgx_trts.a(emm_private.o)
                0x0000000000007010                mm_init_ema
 *fill*         0x000000000000711d        0x3 
 .text.mm_alloc
                0x0000000000007120       0x1a /opt/intel/sgxsdk/lib64//libsgx_trts.a(emm_private.o)
                0x0000000000007120                mm_alloc
 *fill*         0x000000000000713a        0x6 
 .text.mm_commit
                0x0000000000007140       0x10 /opt/intel/sgxsdk/lib64//libsgx_trts.a(emm_private.o)
                0x0000000000007140                mm_commit
 .text.mm_uncommit
                0x0000000000007150       0x10 /opt/intel/sgxsdk/lib64//libsgx_trts.a(emm_private.o)
                0x0000000000007150                mm_uncommit
 .text.mm_dealloc
                0x0000000000007160       0x10 /opt/intel/sgxsdk/lib64//libsgx_trts.a(emm_private.o)
                0x0000000000007160                mm_dealloc
 .text.mm_modify_type
                0x0000000000007170       0x10 /opt/intel/sgxsdk/lib64//libsgx_trts.a(emm_private.o)
                0x0000000000007170                mm_modify_type
 .text.mm_modify_permissions
                0x0000000000007180       0x10 /opt/intel/sgxsdk/lib64//libsgx_trts.a(emm_private.o)
                0x0000000000007180                mm_modify_permissions
 .text.sgx_mm_enclave_pfhandler
                0x0000000000007190      0x1ba /opt/intel/sgxsdk/lib64//libsgx_trts.a(sgx_mm.o)
                0x0000000000007190                sgx_mm_enclave_pfhandler
 *fill*         0x000000000000734a        0x6 
 .text.mm_modify_type_internal.part.0
                0x0000000000007350       0xb9 /opt/intel/sgxsdk/lib64//libsgx_trts.a(sgx_mm.o)
 *fill*         0x0000000000007409        0x7 
 .text.mm_alloc_internal
                0x0000000000007410      0x2cb /opt/intel/sgxsdk/lib64//libsgx_trts.a(sgx_mm.o)
                0x0000000000007410                mm_alloc_internal
 *fill*         0x00000000000076db        0x5 
 .text.sgx_mm_alloc
                0x00000000000076e0       0x26 /opt/intel/sgxsdk/lib64//libsgx_trts.a(sgx_mm.o)
                0x00000000000076e0                sgx_mm_alloc
 *fill*         0x0000000000007706        0xa 
 .text.mm_commit_internal
                0x0000000000007710       0xbd /opt/intel/sgxsdk/lib64//libsgx_trts.a(sgx_mm.o)
                0x0000000000007710                mm_commit_internal
 *fill*         0x00000000000077cd        0x3 
 .text.sgx_mm_commit
                0x00000000000077d0       0x10 /opt/intel/sgxsdk/lib64//libsgx_trts.a(sgx_mm.o)
                0x00000000000077d0                sgx_mm_commit
 .text.mm_uncommit_internal
                0x00000000000077e0       0xbd /opt/intel/sgxsdk/lib64//libsgx_trts.a(sgx_mm.o)
                0x00000000000077e0                mm_uncommit_internal
 *fill*         0x000000000000789d        0x3 
 .text.mm_dealloc_internal
                0x00000000000078a0       0xbd /opt/intel/sgxsdk/lib64//libsgx_trts.a(sgx_mm.o)
                0x00000000000078a0                mm_dealloc_internal
 *fill*         0x000000000000795d        0x3 
 .text.mm_modify_type_internal
                0x0000000000007960       0x36 /opt/intel/sgxsdk/lib64//libsgx_trts.a(sgx_mm.o)
                0x0000000000007960                mm_modify_type_internal
 *fill*         0x0000000000007996        0xa 
 .text.mm_modify_permissions_internal
                0x00000000000079a0       0xf1 /opt/intel/sgxsdk/lib64//libsgx_trts.a(sgx_mm.o)
                0x00000000000079a0                mm_modify_permissions_internal
 *fill*         0x0000000000007a91        0xf 
 .text.sgx_mm_init
                0x0000000000007aa0       0x5c /opt/intel/sgxsdk/lib64//libsgx_trts.a(sgx_mm.o)
                0x0000000000007aa0                sgx_mm_init
 *fill*         0x0000000000007afc        0x4 
 .text.sgx_create_report
                0x0000000000007b00      0x18c /opt/intel/sgxsdk/lib64//libsgx_tservice.a(sgx_create_report.o)
                0x0000000000007b00                sgx_create_report
 *fill*         0x0000000000007c8c        0x4 
 .text.sgx_self_report
                0x0000000000007c90       0x6a /opt/intel/sgxsdk/lib64//libsgx_tservice.a(sgx_create_report.o)
                0x0000000000007c90                sgx_self_report
 *fill*         0x0000000000007cfa        0x6 
 .text.sgx_get_key
                0x0000000000007d00      0x1c7 /opt/intel/sgxsdk/lib64//libsgx_tservice.a(sgx_get_key.o)
                0x0000000000007d00                sgx_get_key
 *fill*         0x0000000000007ec7        0x9 
 .text          0x0000000000007ed0       0x19 /opt/intel/sgxsdk/lib64//libsgx_tstdc.a(alloca.o)
                0x0000000000007ed0                alloca
 *fill*         0x0000000000007ee9        0x7 
 .text.heap_init
                0x0000000000007ef0       0x5b /opt/intel/sgxsdk/lib64//libsgx_tstdc.a(sbrk.o)
                0x0000000000007ef0                heap_init
 *fill*         0x0000000000007f4b        0x5 
 .text.sbrk     0x0000000000007f50      0x144 /opt/intel/sgxsdk/lib64//libsgx_tstdc.a(sbrk.o)
                0x0000000000007f50                sbrk
 *fill*         0x0000000000008094        0xc 
 .text.sgx_spin_lock
                0x00000000000080a0       0x95 /opt/intel/sgxsdk/lib64//libsgx_tstdc.a(spinlock.o)
                0x00000000000080a0                sgx_spin_lock
 *fill*         0x0000000000008135        0xb 
 .text.sgx_spin_unlock
                0x0000000000008140        0xd /opt/intel/sgxsdk/lib64//libsgx_tstdc.a(spinlock.o)
                0x0000000000008140                sgx_spin_unlock
 *fill*         0x000000000000814d        0x3 
 .text.init_mparams
                0x0000000000008150       0xe5 /opt/intel/sgxsdk/lib64//libsgx_tstdc.a(malloc.o)
 *fill*         0x0000000000008235        0xb 
 .text.dlmalloc
                0x0000000000008240     0x1a66 /opt/intel/sgxsdk/lib64//libsgx_tstdc.a(malloc.o)
                0x0000000000008240                malloc
                0x0000000000008240                dlmalloc
 *fill*         0x0000000000009ca6        0xa 
 .text.dlfree   0x0000000000009cb0      0xa04 /opt/intel/sgxsdk/lib64//libsgx_tstdc.a(malloc.o)
                0x0000000000009cb0                dlfree
                0x0000000000009cb0                free
 *fill*         0x000000000000a6b4        0xc 
 .text          0x000000000000a6c0       0x54 /opt/intel/sgxsdk/lib64//libsgx_tstdc.a(memset.o)
                0x000000000000a6c0                _libc___memset
                0x000000000000a6c0                __memset
 *fill*         0x000000000000a714        0xc 
 .text.memcmp   0x000000000000a720       0x33 /opt/intel/sgxsdk/lib64//libsgx_tstdc.a(memcmp.o)
                0x000000000000a720                memcmp
 *fill*         0x000000000000a753        0xd 
 .text.__memcpy.part.0
                0x000000000000a760       0xd6 /opt/intel/sgxsdk/lib64//libsgx_tstdc.a(memcpy.o)
 *fill*         0x000000000000a836        0xa 
 .text.memcpy_verw.part.0
                0x000000000000a840       0xaa /opt/intel/sgxsdk/lib64//libsgx_tstdc.a(memcpy.o)
 *fill*         0x000000000000a8ea        0x6 
 .text.copy_external_memory
                0x000000000000a8f0       0xf5 /opt/intel/sgxsdk/lib64//libsgx_tstdc.a(memcpy.o)
 *fill*         0x000000000000a9e5        0xb 
 .text.memcpy_verw
                0x000000000000a9f0       0x1e /opt/intel/sgxsdk/lib64//libsgx_tstdc.a(memcpy.o)
                0x000000000000a9f0                memcpy_verw
 *fill*         0x000000000000aa0e        0x2 
 .text.memcpy   0x000000000000aa10      0x11f /opt/intel/sgxsdk/lib64//libsgx_tstdc.a(memcpy.o)
                0x000000000000aa10                memcpy
 *fill*         0x000000000000ab2f        0x1 
 .text.memset_verw
                0x000000000000ab30       0xf9 /opt/intel/sgxsdk/lib64//libsgx_tstdc.a(memset.o)
                0x000000000000ab30                memset_verw
 *fill*         0x000000000000ac29        0x7 
 .text.memset   0x000000000000ac30        0x9 /opt/intel/sgxsdk/lib64//libsgx_tstdc.a(memset.o)
                0x000000000000ac30                memset
 *fill*         0x000000000000ac39        0x7 
 .text.memset_s
                0x000000000000ac40       0x60 /opt/intel/sgxsdk/lib64//libsgx_tstdc.a(memset_s.o)
                0x000000000000ac40                memset_s
 .text.sgx_init_string_lib
                0x000000000000aca0        0x7 /opt/intel/sgxsdk/lib64//libsgx_tstdc.a(se_string_init.o)
                0x000000000000aca0                sgx_init_string_lib
 *fill*         0x000000000000aca7        0x9 
 .text.__stack_chk_fail
                0x000000000000acb0        0xf /opt/intel/sgxsdk/lib64//libsgx_tstdc.a(stack_chk.o)
                0x000000000000acb0                __stack_chk_fail
 *fill*         0x000000000000acbf        0x1 
 .text.sgx_thread_spin_trylock
                0x000000000000acc0       0x8e /opt/intel/sgxsdk/lib64//libsgx_tstdc.a(sethread_spinlock.o)
                0x000000000000acc0                sgx_thread_spin_trylock
 *fill*         0x000000000000ad4e        0x2 
 .text.sgx_thread_spin_unlock
                0x000000000000ad50       0x9e /opt/intel/sgxsdk/lib64//libsgx_tstdc.a(sethread_spinlock.o)
                0x000000000000ad50                sgx_thread_spin_unlock
 *fill*         0x000000000000adee        0x2 
 .text.memcpy_s
                0x000000000000adf0       0x7b /opt/intel/sgxsdk/lib64//libsgx_tstdc.a(memcpy_s.o)
                0x000000000000adf0                memcpy_s
 *fill*         0x000000000000ae6b        0x5 
 .text.memcpy_verw_s
                0x000000000000ae70       0x7b /opt/intel/sgxsdk/lib64//libsgx_tstdc.a(memcpy_s.o)
                0x000000000000ae70                memcpy_verw_s
 .text          0x000000000000aeeb      0x138 /opt/intel/sgxsdk/lib64//libsgx_tstdc.a(_setjmp.o)
                0x000000000000aeeb                setjmp
                0x000000000000aeeb                _setjmp
                0x000000000000af78                longjmp
                0x000000000000af78                _longjmp
 *fill*         0x000000000000b023        0xd 
 .text.rsrv_mem_init
                0x000000000000b030       0x62 /opt/intel/sgxsdk/lib64//libsgx_tstdc.a(sgx_rsrv_mem_init.o)
                0x000000000000b030                rsrv_mem_init
 *fill*         0x000000000000b092        0xe 
 .text.__errno  0x000000000000b0a0        0x9 /opt/intel/sgxsdk/lib64//libsgx_tstdc.a(errno.o)
                0x000000000000b0a0                __errno
                0x000000000000b0a0                __errno_location
 *fill*         0x000000000000b0a9        0x7 
 .text          0x000000000000b0b0       0x2a /opt/intel/sgxsdk/lib64//libsgx_tstdc.a(memcpy_verw.o)
                0x000000000000b0b0                _libc___memcpy_verw
                0x000000000000b0b0                __memcpy_verw
                0x000000000000b0d0                __memcpy_8a
                0x000000000000b0d0                _libc___memcpy_8a
 *fill*         0x000000000000b0da        0x6 
 .text.sgx_init_crypto_lib
                0x000000000000b0e0        0x9 /opt/intel/sgxsdk/lib64//libsgx_tcrypto.a(init_tcrypto_lib.o)
                0x000000000000b0e0                sgx_init_crypto_lib
 *fill*         0x000000000000b0e9        0x7 
 .text.sgx_cmac128_init
                0x000000000000b0f0      0x10f /opt/intel/sgxsdk/lib64//libsgx_tcrypto.a(sgx_cmac128.o)
                0x000000000000b0f0                sgx_cmac128_init
 *fill*         0x000000000000b1ff        0x1 
 .text.sgx_cmac128_update
                0x000000000000b200       0x4a /opt/intel/sgxsdk/lib64//libsgx_tcrypto.a(sgx_cmac128.o)
                0x000000000000b200                sgx_cmac128_update
 *fill*         0x000000000000b24a        0x6 
 .text.sgx_cmac128_final
                0x000000000000b250       0x5a /opt/intel/sgxsdk/lib64//libsgx_tcrypto.a(sgx_cmac128.o)
                0x000000000000b250                sgx_cmac128_final
 *fill*         0x000000000000b2aa        0x6 
 .text.sgx_cmac128_close
                0x000000000000b2b0       0x7c /opt/intel/sgxsdk/lib64//libsgx_tcrypto.a(sgx_cmac128.o)
                0x000000000000b2b0                sgx_cmac128_close
 *fill*         0x000000000000b32c        0x4 
 .text.sgx_ecc256_open_context
                0x000000000000b330       0xff /opt/intel/sgxsdk/lib64//libsgx_tcrypto.a(sgx_ecc256.o)
                0x000000000000b330                sgx_ecc256_open_context
 *fill*         0x000000000000b42f        0x1 
 .text.sgx_ecc256_close_context
                0x000000000000b430       0x8c /opt/intel/sgxsdk/lib64//libsgx_tcrypto.a(sgx_ecc256.o)
                0x000000000000b430                sgx_ecc256_close_context
 *fill*         0x000000000000b4bc        0x4 
 .text.sgx_ecc256_check_point
                0x000000000000b4c0      0x20b /opt/intel/sgxsdk/lib64//libsgx_tcrypto.a(sgx_ecc256.o)
                0x000000000000b4c0                sgx_ecc256_check_point
 *fill*         0x000000000000b6cb        0x5 
 .text.sgx_ecdsa_verify_hash
                0x000000000000b6d0      0x375 /opt/intel/sgxsdk/lib64//libsgx_tcrypto.a(sgx_ecc256_ecdsa.o)
                0x000000000000b6d0                sgx_ecdsa_verify_hash
 *fill*         0x000000000000ba45        0xb 
 .text.sgx_ecdsa_verify
                0x000000000000ba50       0xc9 /opt/intel/sgxsdk/lib64//libsgx_tcrypto.a(sgx_ecc256_ecdsa.o)
                0x000000000000ba50                sgx_ecdsa_verify
 *fill*         0x000000000000bb19        0x7 
 .text._Z13sgx_ipp_newBNPKjiPP9_cpBigNum
                0x000000000000bb20      0x122 /opt/intel/sgxsdk/lib64//libsgx_tcrypto.a(sgx_tcrypto_common.o)
                0x000000000000bb20                sgx_ipp_newBN(unsigned int const*, int, _cpBigNum**)
 *fill*         0x000000000000bc42        0xe 
 .text._Z22sgx_ipp_secure_free_BNP9_cpBigNumi
                0x000000000000bc50       0x94 /opt/intel/sgxsdk/lib64//libsgx_tcrypto.a(sgx_tcrypto_common.o)
                0x000000000000bc50                sgx_ipp_secure_free_BN(_cpBigNum*, int)
 *fill*         0x000000000000bce4        0xc 
 .text.init_ipp_cpuid
                0x000000000000bcf0      0x22e /opt/intel/sgxsdk/lib64//libsgx_tcrypto.a(sgx_common_init_ipp.o)
                0x000000000000bcf0                init_ipp_cpuid
 *fill*         0x000000000000bf1e        0x2 
 .text.sgx_disp_ippsAES_CMACGetSize
                0x000000000000bf20       0x94 /opt/intel/sgxsdk/lib64//libsgx_tcrypto.a(ippcpsgx_disp00090.o)
                0x000000000000bf20                sgx_disp_ippsAES_CMACGetSize
 *fill*         0x000000000000bfb4        0xc 
 .text.sgx_disp_ippsAES_CMACInit
                0x000000000000bfc0       0xc4 /opt/intel/sgxsdk/lib64//libsgx_tcrypto.a(ippcpsgx_disp00091.o)
                0x000000000000bfc0                sgx_disp_ippsAES_CMACInit
 *fill*         0x000000000000c084        0xc 
 .text.sgx_disp_ippsAES_CMACUpdate
                0x000000000000c090       0xac /opt/intel/sgxsdk/lib64//libsgx_tcrypto.a(ippcpsgx_disp00092.o)
                0x000000000000c090                sgx_disp_ippsAES_CMACUpdate
 *fill*         0x000000000000c13c        0x4 
 .text.sgx_disp_ippsAES_CMACFinal
                0x000000000000c140       0xac /opt/intel/sgxsdk/lib64//libsgx_tcrypto.a(ippcpsgx_disp00093.o)
                0x000000000000c140                sgx_disp_ippsAES_CMACFinal
 *fill*         0x000000000000c1ec        0x4 
 .text.sgx_disp_ippsHashMethod_SHA256_TT
                0x000000000000c1f0       0x7c /opt/intel/sgxsdk/lib64//libsgx_tcrypto.a(ippcpsgx_disp00182.o)
                0x000000000000c1f0                sgx_disp_ippsHashMethod_SHA256_TT
 *fill*         0x000000000000c26c        0x4 
 .text.sgx_disp_ippsHashMessage_rmf
                0x000000000000c270       0xc4 /opt/intel/sgxsdk/lib64//libsgx_tcrypto.a(ippcpsgx_disp00214.o)
                0x000000000000c270                sgx_disp_ippsHashMessage_rmf
 *fill*         0x000000000000c334        0xc 
 .text.sgx_disp_ippsBigNumGetSize
                0x000000000000c340       0x9c /opt/intel/sgxsdk/lib64//libsgx_tcrypto.a(ippcpsgx_disp00238.o)
                0x000000000000c340                sgx_disp_ippsBigNumGetSize
 *fill*         0x000000000000c3dc        0x4 
 .text.sgx_disp_ippsBigNumInit
                0x000000000000c3e0       0x9c /opt/intel/sgxsdk/lib64//libsgx_tcrypto.a(ippcpsgx_disp00239.o)
                0x000000000000c3e0                sgx_disp_ippsBigNumInit
 *fill*         0x000000000000c47c        0x4 
 .text.sgx_disp_ippsSet_BN
                0x000000000000c480       0xbc /opt/intel/sgxsdk/lib64//libsgx_tcrypto.a(ippcpsgx_disp00243.o)
                0x000000000000c480                sgx_disp_ippsSet_BN
 *fill*         0x000000000000c53c        0x4 
 .text.sgx_disp_ippsMod_BN
                0x000000000000c540       0xac /opt/intel/sgxsdk/lib64//libsgx_tcrypto.a(ippcpsgx_disp00252.o)
                0x000000000000c540                sgx_disp_ippsMod_BN
 *fill*         0x000000000000c5ec        0x4 
 .text.sgx_disp_ippsSetOctString_BN
                0x000000000000c5f0       0xac /opt/intel/sgxsdk/lib64//libsgx_tcrypto.a(ippcpsgx_disp00255.o)
                0x000000000000c5f0                sgx_disp_ippsSetOctString_BN
 *fill*         0x000000000000c69c        0x4 
 .text.sgx_disp_ippsECCPGetSize
                0x000000000000c6a0       0x9c /opt/intel/sgxsdk/lib64//libsgx_tcrypto.a(ippcpsgx_disp00340.o)
                0x000000000000c6a0                sgx_disp_ippsECCPGetSize
 *fill*         0x000000000000c73c        0x4 
 .text.sgx_disp_ippsECCPInit
                0x000000000000c740       0x9c /opt/intel/sgxsdk/lib64//libsgx_tcrypto.a(ippcpsgx_disp00349.o)
                0x000000000000c740                sgx_disp_ippsECCPInit
 *fill*         0x000000000000c7dc        0x4 
 .text.sgx_disp_ippsECCPSetStd256r1
                0x000000000000c7e0       0x94 /opt/intel/sgxsdk/lib64//libsgx_tcrypto.a(ippcpsgx_disp00364.o)
                0x000000000000c7e0                sgx_disp_ippsECCPSetStd256r1
 *fill*         0x000000000000c874        0xc 
 .text.sgx_disp_ippsECCPPointGetSize
                0x000000000000c880       0x9c /opt/intel/sgxsdk/lib64//libsgx_tcrypto.a(ippcpsgx_disp00377.o)
                0x000000000000c880                sgx_disp_ippsECCPPointGetSize
 *fill*         0x000000000000c91c        0x4 
 .text.sgx_disp_ippsECCPPointInit
                0x000000000000c920       0x9c /opt/intel/sgxsdk/lib64//libsgx_tcrypto.a(ippcpsgx_disp00378.o)
                0x000000000000c920                sgx_disp_ippsECCPPointInit
 *fill*         0x000000000000c9bc        0x4 
 .text.sgx_disp_ippsECCPSetPoint
                0x000000000000c9c0       0xc4 /opt/intel/sgxsdk/lib64//libsgx_tcrypto.a(ippcpsgx_disp00379.o)
                0x000000000000c9c0                sgx_disp_ippsECCPSetPoint
 *fill*         0x000000000000ca84        0xc 
 .text.sgx_disp_ippsECCPCheckPoint
                0x000000000000ca90       0xac /opt/intel/sgxsdk/lib64//libsgx_tcrypto.a(ippcpsgx_disp00382.o)
                0x000000000000ca90                sgx_disp_ippsECCPCheckPoint
 *fill*         0x000000000000cb3c        0x4 
 .text.sgx_disp_ippsECCPSetKeyPair
                0x000000000000cb40       0xc4 /opt/intel/sgxsdk/lib64//libsgx_tcrypto.a(ippcpsgx_disp00390.o)
                0x000000000000cb40                sgx_disp_ippsECCPSetKeyPair
 *fill*         0x000000000000cc04        0xc 
 .text.sgx_disp_ippsECCPVerifyDSA
                0x000000000000cc10       0xdc /opt/intel/sgxsdk/lib64//libsgx_tcrypto.a(ippcpsgx_disp00394.o)
                0x000000000000cc10                sgx_disp_ippsECCPVerifyDSA
 *fill*         0x000000000000ccec       0x14 
 .text          0x000000000000cd00      0xf69 /opt/intel/sgxsdk/lib64//libsgx_tcrypto.a(m7_cpinit.c.o)
                0x000000000000d060                ippcpGetEnabledCpuFeatures
                0x000000000000d080                ippcpGetCpuFeatures
                0x000000000000d0c0                cpGetFeature
                0x000000000000d0e0                ippcpGetEnabledNumThreads
                0x000000000000d100                owncpFeaturesToIdx
                0x000000000000d3c0                ippcpSetNumThreads
                0x000000000000d3e0                ippcpGetNumThreads
                0x000000000000d400                ippcpInit
                0x000000000000d6a0                ippcpSetCpuFeatures
                0x000000000000d920                owncpSetCpuFeaturesAndIdx
                0x000000000000dc20                ippcpGetStatusString
                0x000000000000dc60                ippcpGetCpuClocks
 *fill*         0x000000000000dc69       0x17 
 .text          0x000000000000dc80      0x248 /opt/intel/sgxsdk/lib64//libsgx_tcrypto.a(y8_pcpaes_cmacfinal.c.o)
                0x000000000000dc80                y8_ippsAES_CMACFinal
 *fill*         0x000000000000dec8       0x18 
 .text          0x000000000000dee0       0x18 /opt/intel/sgxsdk/lib64//libsgx_tcrypto.a(y8_pcpaes_cmacgetsize.c.o)
                0x000000000000dee0                y8_ippsAES_CMACGetSize
 *fill*         0x000000000000def8        0x8 
 .text          0x000000000000df00      0x446 /opt/intel/sgxsdk/lib64//libsgx_tcrypto.a(y8_pcpaes_cmacgettag.c.o)
                0x000000000000df00                y8_ippsAES_CMACGetTag
 *fill*         0x000000000000e346       0x1a 
 .text          0x000000000000e360      0x2b3 /opt/intel/sgxsdk/lib64//libsgx_tcrypto.a(y8_pcpaes_cmacinit.c.o)
                0x000000000000e360                y8_ippsAES_CMACInit
 *fill*         0x000000000000e613        0xd 
 .text          0x000000000000e620      0x4d8 /opt/intel/sgxsdk/lib64//libsgx_tcrypto.a(y8_pcpaes_cmacupdate.c.o)
                0x000000000000e620                y8_ippsAES_CMACUpdate
 *fill*         0x000000000000eaf8        0x8 
 .text          0x000000000000eb00      0x20f /opt/intel/sgxsdk/lib64//libsgx_tcrypto.a(y8_pcpaesminitca.c.o)
                0x000000000000eb00                y8_ippsAESInit
 *fill*         0x000000000000ed0f       0x11 
 .text          0x000000000000ed20      0x4a3 /opt/intel/sgxsdk/lib64//libsgx_tcrypto.a(y8_pcpbnarithmod.c.o)
                0x000000000000ed20                y8_ippsMod_BN
 *fill*         0x000000000000f1c3       0x1d 
 .text          0x000000000000f1e0       0x3c /opt/intel/sgxsdk/lib64//libsgx_tcrypto.a(y8_pcpbngetsize.c.o)
                0x000000000000f1e0                y8_ippsBigNumGetSize
 *fill*         0x000000000000f21c        0x4 
 .text          0x000000000000f220      0x122 /opt/intel/sgxsdk/lib64//libsgx_tcrypto.a(y8_pcpbninit.c.o)
                0x000000000000f220                y8_ippsBigNumInit
 *fill*         0x000000000000f342       0x1e 
 .text          0x000000000000f360       0xac /opt/intel/sgxsdk/lib64//libsgx_tcrypto.a(y8_pcpbnsetoctstr.c.o)
                0x000000000000f360                y8_ippsSetOctString_BN
 *fill*         0x000000000000f40c       0x14 
 .text          0x000000000000f420      0x1dc /opt/intel/sgxsdk/lib64//libsgx_tcrypto.a(y8_pcpbnsetwords.c.o)
                0x000000000000f420                y8_ippsSet_BN
 *fill*         0x000000000000f5fc        0x4 
 .text          0x000000000000f600      0x160 /opt/intel/sgxsdk/lib64//libsgx_tcrypto.a(y8_pcpbnu_nlz.c.o)
                0x000000000000f600                y8_cpNLZ_BNU
 .text          0x000000000000f760      0x19a /opt/intel/sgxsdk/lib64//libsgx_tcrypto.a(y8_pcpbnu_setoctstr.c.o)
                0x000000000000f760                y8_cpFromOctStr_BNU
 *fill*         0x000000000000f8fa        0x6 
 .text          0x000000000000f900        0x9 /opt/intel/sgxsdk/lib64//libsgx_tcrypto.a(y8_pcpeccpcheckpoint.c.o)
                0x000000000000f900                y8_ippsECCPCheckPoint
 *fill*         0x000000000000f909       0x17 
 .text          0x000000000000f920       0x6c /opt/intel/sgxsdk/lib64//libsgx_tcrypto.a(y8_pcpeccpgetsize.c.o)
                0x000000000000f920                y8_ippsECCPGetSize
 *fill*         0x000000000000f98c       0x14 
 .text          0x000000000000f9a0       0xa4 /opt/intel/sgxsdk/lib64//libsgx_tcrypto.a(y8_pcpeccpinit.c.o)
                0x000000000000f9a0                y8_ippsECCPInit
 *fill*         0x000000000000fa44       0x1c 
 .text          0x000000000000fa60       0x32 /opt/intel/sgxsdk/lib64//libsgx_tcrypto.a(y8_pcpeccppointgetsize.c.o)
                0x000000000000fa60                y8_ippsECCPPointGetSize
 *fill*         0x000000000000fa92        0xe 
 .text          0x000000000000faa0      0x190 /opt/intel/sgxsdk/lib64//libsgx_tcrypto.a(y8_pcpeccppointinit.c.o)
                0x000000000000faa0                y8_ippsECCPPointInit
 *fill*         0x000000000000fc30       0x10 
 .text          0x000000000000fc40      0x1d7 /opt/intel/sgxsdk/lib64//libsgx_tcrypto.a(y8_pcpeccpsetkeyca.c.o)
                0x000000000000fc40                y8_ippsECCPSetKeyPair
 *fill*         0x000000000000fe17        0x9 
 .text          0x000000000000fe20      0x1fe /opt/intel/sgxsdk/lib64//libsgx_tcrypto.a(y8_pcpeccpsetpoint.c.o)
                0x000000000000fe20                y8_ippsECCPSetPoint
 *fill*         0x000000000001001e        0x2 
 .text          0x0000000000010020       0x78 /opt/intel/sgxsdk/lib64//libsgx_tcrypto.a(y8_pcpeccpsetstd256r1.c.o)
                0x0000000000010020                y8_ippsECCPSetStd256r1
 *fill*         0x0000000000010098        0x8 
 .text          0x00000000000100a0     0x13c4 /opt/intel/sgxsdk/lib64//libsgx_tcrypto.a(y8_pcpeccpverifydsaca.c.o)
                0x00000000000100a0                y8_ippsECCPVerifyDSA
 *fill*         0x0000000000011464       0x1c 
 .text          0x0000000000011480      0x2a0 /opt/intel/sgxsdk/lib64//libsgx_tcrypto.a(y8_pcpgfp.c.o)
                0x0000000000011480                y8_cpGFpGetSize
                0x00000000000114c0                y8_cpGFpInitGFp
 .text          0x0000000000011720       0x74 /opt/intel/sgxsdk/lib64//libsgx_tcrypto.a(y8_pcpgfpec.c.o)
                0x0000000000011720                y8_cpGFpECGetSize
 *fill*         0x0000000000011794        0xc 
 .text          0x00000000000117a0      0x571 /opt/intel/sgxsdk/lib64//libsgx_tcrypto.a(y8_pcpgfpec_baseprod.c.o)
                0x00000000000117a0                y8_gfec_BasePointProduct
 *fill*         0x0000000000011d11        0xf 
 .text          0x0000000000011d20      0x605 /opt/intel/sgxsdk/lib64//libsgx_tcrypto.a(y8_pcpgfpec_getpoint.c.o)
                0x0000000000011d20                y8_gfec_GetPoint
 *fill*         0x0000000000012325       0x1b 
 .text          0x0000000000012340      0x699 /opt/intel/sgxsdk/lib64//libsgx_tcrypto.a(y8_pcpgfpec_mul.c.o)
                0x0000000000012340                y8_gfec_point_mul
 *fill*         0x00000000000129d9        0x7 
 .text          0x00000000000129e0      0x6da /opt/intel/sgxsdk/lib64//libsgx_tcrypto.a(y8_pcpgfpec_mulbase.c.o)
                0x00000000000129e0                y8_gfec_base_point_mul
 *fill*         0x00000000000130ba        0x6 
 .text          0x00000000000130c0      0xaf9 /opt/intel/sgxsdk/lib64//libsgx_tcrypto.a(y8_pcpgfpec_prod.c.o)
                0x00000000000130c0                y8_gfec_point_prod
 *fill*         0x0000000000013bb9        0x7 
 .text          0x0000000000013bc0      0x66e /opt/intel/sgxsdk/lib64//libsgx_tcrypto.a(y8_pcpgfpec_setpoint.c.o)
                0x0000000000013bc0                y8_gfec_SetPoint
 *fill*         0x000000000001422e       0x12 
 .text          0x0000000000014240      0x2f4 /opt/intel/sgxsdk/lib64//libsgx_tcrypto.a(y8_pcpgfpec_setuptable.c.o)
                0x0000000000014240                y8_setupTable
 *fill*         0x0000000000014534        0xc 
 .text          0x0000000000014540      0x3cc /opt/intel/sgxsdk/lib64//libsgx_tcrypto.a(y8_pcpgfpecinit.c.o)
                0x0000000000014540                y8_ippsGFpECInit
 *fill*         0x000000000001490c       0x14 
 .text          0x0000000000014920      0x60c /opt/intel/sgxsdk/lib64//libsgx_tcrypto.a(y8_pcpgfpecset.c.o)
                0x0000000000014920                y8_ippsGFpECSet
 *fill*         0x0000000000014f2c       0x14 
 .text          0x0000000000014f40       0xd6 /opt/intel/sgxsdk/lib64//libsgx_tcrypto.a(y8_pcpgfpecsetpoint.c.o)
                0x0000000000014f40                y8_ippsGFpECSetPoint
 *fill*         0x0000000000015016        0xa 
 .text          0x0000000000015020      0x176 /opt/intel/sgxsdk/lib64//libsgx_tcrypto.a(y8_pcpgfpectstpoint.c.o)
                0x0000000000015020                y8_ippsGFpECTstPoint
 *fill*         0x0000000000015196        0xa 
 .text          0x00000000000151a0       0x1a /opt/intel/sgxsdk/lib64//libsgx_tcrypto.a(y8_pcpgfpmethod_256r1.c.o)
                0x00000000000151a0                y8_ippsGFpMethod_p256r1
 *fill*         0x00000000000151ba        0x6 
 .text          0x00000000000151c0      0x3ae /opt/intel/sgxsdk/lib64//libsgx_tcrypto.a(y8_pcpgfpsetelem.c.o)
                0x00000000000151c0                y8_ippsGFpSetElement
 *fill*         0x000000000001556e       0x12 
 .text          0x0000000000015580     0x183a /opt/intel/sgxsdk/lib64//libsgx_tcrypto.a(y8_pcpgfpx_inv.c.o)
                0x0000000000015580                y8_cpGFpxInv
 *fill*         0x0000000000016dba        0x6 
 .text          0x0000000000016dc0       0x9a /opt/intel/sgxsdk/lib64//libsgx_tcrypto.a(y8_pcpgfpx_mul_gfe.c.o)
                0x0000000000016dc0                y8_cpGFpxMul_GFE
 *fill*         0x0000000000016e5a        0x6 
 .text          0x0000000000016e60       0x93 /opt/intel/sgxsdk/lib64//libsgx_tcrypto.a(y8_pcpgfpx_neg.c.o)
                0x0000000000016e60                y8_cpGFpxNeg
 *fill*         0x0000000000016ef3        0xd 
 .text          0x0000000000016f00      0x133 /opt/intel/sgxsdk/lib64//libsgx_tcrypto.a(y8_pcpgfpx_set.c.o)
                0x0000000000016f00                y8_cpGFpxSet
 *fill*         0x0000000000017033        0xd 
 .text          0x0000000000017040       0xc4 /opt/intel/sgxsdk/lib64//libsgx_tcrypto.a(y8_pcphashmessage_rmf.c.o)
                0x0000000000017040                y8_ippsHashMessage_rmf
 *fill*         0x0000000000017104       0x1c 
 .text          0x0000000000017120      0x192 /opt/intel/sgxsdk/lib64//libsgx_tcrypto.a(y8_pcphashmethod_sha256_tt.c.o)
                0x0000000000017240                y8_ippsHashMethod_SHA256_TT
 *fill*         0x00000000000172b2        0xe 
 .text          0x00000000000172c0      0xe21 /opt/intel/sgxsdk/lib64//libsgx_tcrypto.a(y8_pcprijkeysca.c.o)
                0x00000000000172c0                y8_ExpandRijndaelKey
 *fill*         0x00000000000180e1        0xf 
 .text          0x00000000000180f0      0x2d7 /opt/intel/sgxsdk/lib64//libsgx_tcrypto.a(y8_pcpbnuaddm7as.asm.o)
                0x00000000000180f0                y8_cpAdd_BNU
 *fill*         0x00000000000183c7        0x9 
 .text          0x00000000000183d0      0x34a /opt/intel/sgxsdk/lib64//libsgx_tcrypto.a(y8_pcpbnudivm7as.asm.o)
                0x00000000000183d0                y8_cpDiv_BNU32
 *fill*         0x000000000001871a        0x6 
 .text          0x0000000000018720      0xd5c /opt/intel/sgxsdk/lib64//libsgx_tcrypto.a(y8_pcpbnumulschoolm7as.asm.o)
                0x0000000000018720                y8_cpMulAdc_BNU_school
 *fill*         0x000000000001947c        0x4 
 .text          0x0000000000019480     0x12ab /opt/intel/sgxsdk/lib64//libsgx_tcrypto.a(y8_pcpbnusqrschoolm7as.asm.o)
                0x0000000000019480                y8_cpSqrAdc_BNU_school
 *fill*         0x000000000001a72b        0x5 
 .text          0x000000000001a730      0x2d7 /opt/intel/sgxsdk/lib64//libsgx_tcrypto.a(y8_pcpbnusubm7as.asm.o)
                0x000000000001a730                y8_cpSub_BNU
 *fill*         0x000000000001aa07        0x9 
 .text          0x000000000001aa10      0xad4 /opt/intel/sgxsdk/lib64//libsgx_tcrypto.a(y8_pcpp256r1funcs_montas.asm.o)
                0x000000000001aab0                y8_p256r1_mul_by_2
                0x000000000001ab40                y8_p256r1_div_by_2
                0x000000000001abd0                y8_p256r1_mul_by_3
                0x000000000001acb0                y8_p256r1_add
                0x000000000001ad30                y8_p256r1_sub
                0x000000000001adb0                y8_p256r1_neg
                0x000000000001b0a0                y8_p256r1_mul_montl
                0x000000000001b0d0                y8_p256r1_to_mont
                0x000000000001b100                y8_p256r1_sqr_montl
                0x000000000001b310                y8_p256r1_mont_back
                0x000000000001b440                y8_p256r1_select_ap_w7
 *fill*         0x000000000001b4e4        0xc 
 .text          0x000000000001b4f0       0x6c /opt/intel/sgxsdk/lib64//libsgx_tcrypto.a(y8_pcprij128cmace9as.asm.o)
                0x000000000001b4f0                y8_cpAESCMAC_Update_AES_NI
 *fill*         0x000000000001b55c        0x4 
 .text          0x000000000001b560       0x8f /opt/intel/sgxsdk/lib64//libsgx_tcrypto.a(y8_pcprij128decrypte9as.asm.o)
                0x000000000001b560                y8_Decrypt_RIJ128_AES_NI
 *fill*         0x000000000001b5ef        0x1 
 .text          0x000000000001b5f0       0x82 /opt/intel/sgxsdk/lib64//libsgx_tcrypto.a(y8_pcprij128encrypte9as.asm.o)
                0x000000000001b5f0                y8_Encrypt_RIJ128_AES_NI
 *fill*         0x000000000001b672        0xe 
 .text          0x000000000001b680      0x4af /opt/intel/sgxsdk/lib64//libsgx_tcrypto.a(y8_pcprij128safedecu8as.asm.o)
                0x000000000001b7e0                y8_SafeDecrypt_RIJ128
 *fill*         0x000000000001bb2f        0x1 
 .text          0x000000000001bb30      0x430 /opt/intel/sgxsdk/lib64//libsgx_tcrypto.a(y8_pcprij128safeencu8as.asm.o)
                0x000000000001bc40                y8_TransformNative2Composite
                0x000000000001bc90                y8_SafeEncrypt_RIJ128
 .text          0x000000000001bf60      0x344 /opt/intel/sgxsdk/lib64//libsgx_tcrypto.a(y8_pcpsha256nias.asm.o)
                0x000000000001bf70                y8_UpdateSHA256ni
 *fill*         0x000000000001c2a4        0xc 
 .text          0x000000000001c2b0     0x239f /opt/intel/sgxsdk/lib64//libsgx_tcrypto.a(y8_pcpsha256u8as.asm.o)
                0x000000000001c2c0                y8_UpdateSHA256
 *fill*         0x000000000001e64f       0x11 
 .text          0x000000000001e660      0x24d /opt/intel/sgxsdk/lib64//libsgx_tcrypto.a(e9_cpinitas.asm.o)
                0x000000000001e660                cpGetReg
                0x000000000001e6a0                cp_is_avx_extension
                0x000000000001e6e0                cp_is_avx512_extension
                0x000000000001e720                cp_issue_avx512_instruction
                0x000000000001e740                ippcpSafeInit
                0x000000000001e760                cp_get_pentium_counter
                0x000000000001e780                cpStartTscp
                0x000000000001e7a0                cpStopTscp
                0x000000000001e7c0                cpStartTsc
                0x000000000001e7e0                cpStopTsc
                0x000000000001e800                cpGetCacheSize
 *fill*         0x000000000001e8ad       0x13 
 .text          0x000000000001e8c0      0x140 /opt/intel/sgxsdk/lib64//libsgx_tcrypto.a(l9_pcpaes_cmacfinal.c.o)
                0x000000000001e8c0                l9_ippsAES_CMACFinal
 .text          0x000000000001ea00       0x18 /opt/intel/sgxsdk/lib64//libsgx_tcrypto.a(l9_pcpaes_cmacgetsize.c.o)
                0x000000000001ea00                l9_ippsAES_CMACGetSize
 *fill*         0x000000000001ea18        0x8 
 .text          0x000000000001ea20      0x269 /opt/intel/sgxsdk/lib64//libsgx_tcrypto.a(l9_pcpaes_cmacgettag.c.o)
                0x000000000001ea20                l9_ippsAES_CMACGetTag
 *fill*         0x000000000001ec89       0x17 
 .text          0x000000000001eca0      0x2b4 /opt/intel/sgxsdk/lib64//libsgx_tcrypto.a(l9_pcpaes_cmacinit.c.o)
                0x000000000001eca0                l9_ippsAES_CMACInit
 *fill*         0x000000000001ef54        0xc 
 .text          0x000000000001ef60      0x3d8 /opt/intel/sgxsdk/lib64//libsgx_tcrypto.a(l9_pcpaes_cmacupdate.c.o)
                0x000000000001ef60                l9_ippsAES_CMACUpdate
 *fill*         0x000000000001f338        0x8 
 .text          0x000000000001f340      0x295 /opt/intel/sgxsdk/lib64//libsgx_tcrypto.a(l9_pcpaesminitca.c.o)
                0x000000000001f340                l9_ippsAESInit
 *fill*         0x000000000001f5d5        0xb 
 .text          0x000000000001f5e0      0x528 /opt/intel/sgxsdk/lib64//libsgx_tcrypto.a(l9_pcpbnarithmod.c.o)
                0x000000000001f5e0                l9_ippsMod_BN
 *fill*         0x000000000001fb08       0x18 
 .text          0x000000000001fb20       0x3c /opt/intel/sgxsdk/lib64//libsgx_tcrypto.a(l9_pcpbngetsize.c.o)
                0x000000000001fb20                l9_ippsBigNumGetSize
 *fill*         0x000000000001fb5c        0x4 
 .text          0x000000000001fb60      0x1a0 /opt/intel/sgxsdk/lib64//libsgx_tcrypto.a(l9_pcpbninit.c.o)
                0x000000000001fb60                l9_ippsBigNumInit
 .text          0x000000000001fd00       0xac /opt/intel/sgxsdk/lib64//libsgx_tcrypto.a(l9_pcpbnsetoctstr.c.o)
                0x000000000001fd00                l9_ippsSetOctString_BN
 *fill*         0x000000000001fdac       0x14 
 .text          0x000000000001fdc0      0x25f /opt/intel/sgxsdk/lib64//libsgx_tcrypto.a(l9_pcpbnsetwords.c.o)
                0x000000000001fdc0                l9_ippsSet_BN
 *fill*         0x000000000002001f        0x1 
 .text          0x0000000000020020      0x19a /opt/intel/sgxsdk/lib64//libsgx_tcrypto.a(l9_pcpbnu_setoctstr.c.o)
                0x0000000000020020                l9_cpFromOctStr_BNU
 *fill*         0x00000000000201ba        0x6 
 .text          0x00000000000201c0        0x9 /opt/intel/sgxsdk/lib64//libsgx_tcrypto.a(l9_pcpeccpcheckpoint.c.o)
                0x00000000000201c0                l9_ippsECCPCheckPoint
 *fill*         0x00000000000201c9       0x17 
 .text          0x00000000000201e0       0x6c /opt/intel/sgxsdk/lib64//libsgx_tcrypto.a(l9_pcpeccpgetsize.c.o)
                0x00000000000201e0                l9_ippsECCPGetSize
 *fill*         0x000000000002024c       0x14 
 .text          0x0000000000020260       0xa4 /opt/intel/sgxsdk/lib64//libsgx_tcrypto.a(l9_pcpeccpinit.c.o)
                0x0000000000020260                l9_ippsECCPInit
 *fill*         0x0000000000020304       0x1c 
 .text          0x0000000000020320       0x32 /opt/intel/sgxsdk/lib64//libsgx_tcrypto.a(l9_pcpeccppointgetsize.c.o)
                0x0000000000020320                l9_ippsECCPPointGetSize
 *fill*         0x0000000000020352        0xe 
 .text          0x0000000000020360      0x23e /opt/intel/sgxsdk/lib64//libsgx_tcrypto.a(l9_pcpeccppointinit.c.o)
                0x0000000000020360                l9_ippsECCPPointInit
 *fill*         0x000000000002059e        0x2 
 .text          0x00000000000205a0      0x228 /opt/intel/sgxsdk/lib64//libsgx_tcrypto.a(l9_pcpeccpsetkeyca.c.o)
                0x00000000000205a0                l9_ippsECCPSetKeyPair
 *fill*         0x00000000000207c8       0x18 
 .text          0x00000000000207e0      0x1ee /opt/intel/sgxsdk/lib64//libsgx_tcrypto.a(l9_pcpeccpsetpoint.c.o)
                0x00000000000207e0                l9_ippsECCPSetPoint
 *fill*         0x00000000000209ce       0x12 
 .text          0x00000000000209e0       0x78 /opt/intel/sgxsdk/lib64//libsgx_tcrypto.a(l9_pcpeccpsetstd256r1.c.o)
                0x00000000000209e0                l9_ippsECCPSetStd256r1
 *fill*         0x0000000000020a58        0x8 
 .text          0x0000000000020a60     0x1677 /opt/intel/sgxsdk/lib64//libsgx_tcrypto.a(l9_pcpeccpverifydsaca.c.o)
                0x0000000000020a60                l9_ippsECCPVerifyDSA
 *fill*         0x00000000000220d7        0x9 
 .text          0x00000000000220e0      0x3e4 /opt/intel/sgxsdk/lib64//libsgx_tcrypto.a(l9_pcpgfp.c.o)
                0x00000000000220e0                l9_cpGFpGetSize
                0x0000000000022120                l9_cpGFpInitGFp
 *fill*         0x00000000000224c4       0x1c 
 .text          0x00000000000224e0       0x76 /opt/intel/sgxsdk/lib64//libsgx_tcrypto.a(l9_pcpgfpec.c.o)
                0x00000000000224e0                l9_cpGFpECGetSize
 *fill*         0x0000000000022556        0xa 
 .text          0x0000000000022560      0x631 /opt/intel/sgxsdk/lib64//libsgx_tcrypto.a(l9_pcpgfpec_baseprod.c.o)
                0x0000000000022560                l9_gfec_BasePointProduct
 *fill*         0x0000000000022b91        0xf 
 .text          0x0000000000022ba0      0x7a5 /opt/intel/sgxsdk/lib64//libsgx_tcrypto.a(l9_pcpgfpec_getpoint.c.o)
                0x0000000000022ba0                l9_gfec_GetPoint
 *fill*         0x0000000000023345       0x1b 
 .text          0x0000000000023360      0x86e /opt/intel/sgxsdk/lib64//libsgx_tcrypto.a(l9_pcpgfpec_mul.c.o)
                0x0000000000023360                l9_gfec_point_mul
 *fill*         0x0000000000023bce       0x12 
 .text          0x0000000000023be0      0x917 /opt/intel/sgxsdk/lib64//libsgx_tcrypto.a(l9_pcpgfpec_mulbase.c.o)
                0x0000000000023be0                l9_gfec_base_point_mul
 *fill*         0x00000000000244f7        0x9 
 .text          0x0000000000024500      0xdb9 /opt/intel/sgxsdk/lib64//libsgx_tcrypto.a(l9_pcpgfpec_prod.c.o)
                0x0000000000024500                l9_gfec_point_prod
 *fill*         0x00000000000252b9        0x7 
 .text          0x00000000000252c0      0x78e /opt/intel/sgxsdk/lib64//libsgx_tcrypto.a(l9_pcpgfpec_setpoint.c.o)
                0x00000000000252c0                l9_gfec_SetPoint
 *fill*         0x0000000000025a4e       0x12 
 .text          0x0000000000025a60      0x2f4 /opt/intel/sgxsdk/lib64//libsgx_tcrypto.a(l9_pcpgfpec_setuptable.c.o)
                0x0000000000025a60                l9_setupTable
 *fill*         0x0000000000025d54        0xc 
 .text          0x0000000000025d60      0x4f1 /opt/intel/sgxsdk/lib64//libsgx_tcrypto.a(l9_pcpgfpecinit.c.o)
                0x0000000000025d60                l9_ippsGFpECInit
 *fill*         0x0000000000026251        0xf 
 .text          0x0000000000026260      0x6ac /opt/intel/sgxsdk/lib64//libsgx_tcrypto.a(l9_pcpgfpecset.c.o)
                0x0000000000026260                l9_ippsGFpECSet
 *fill*         0x000000000002690c       0x14 
 .text          0x0000000000026920       0xd6 /opt/intel/sgxsdk/lib64//libsgx_tcrypto.a(l9_pcpgfpecsetpoint.c.o)
                0x0000000000026920                l9_ippsGFpECSetPoint
 *fill*         0x00000000000269f6        0xa 
 .text          0x0000000000026a00      0x1b1 /opt/intel/sgxsdk/lib64//libsgx_tcrypto.a(l9_pcpgfpectstpoint.c.o)
                0x0000000000026a00                l9_ippsGFpECTstPoint
 *fill*         0x0000000000026bb1        0xf 
 .text          0x0000000000026bc0       0x4a /opt/intel/sgxsdk/lib64//libsgx_tcrypto.a(l9_pcpgfpmethod_256r1.c.o)
                0x0000000000026bc0                l9_ippsGFpMethod_p256r1
 *fill*         0x0000000000026c0a       0x16 
 .text          0x0000000000026c20      0x49e /opt/intel/sgxsdk/lib64//libsgx_tcrypto.a(l9_pcpgfpsetelem.c.o)
                0x0000000000026c20                l9_ippsGFpSetElement
 *fill*         0x00000000000270be        0x2 
 .text          0x00000000000270c0     0x1cfa /opt/intel/sgxsdk/lib64//libsgx_tcrypto.a(l9_pcpgfpx_inv.c.o)
                0x00000000000270c0                l9_cpGFpxInv
 *fill*         0x0000000000028dba        0x6 
 .text          0x0000000000028dc0       0x99 /opt/intel/sgxsdk/lib64//libsgx_tcrypto.a(l9_pcpgfpx_mul_gfe.c.o)
                0x0000000000028dc0                l9_cpGFpxMul_GFE
 *fill*         0x0000000000028e59        0x7 
 .text          0x0000000000028e60       0x92 /opt/intel/sgxsdk/lib64//libsgx_tcrypto.a(l9_pcpgfpx_neg.c.o)
                0x0000000000028e60                l9_cpGFpxNeg
 *fill*         0x0000000000028ef2        0xe 
 .text          0x0000000000028f00      0x123 /opt/intel/sgxsdk/lib64//libsgx_tcrypto.a(l9_pcpgfpx_set.c.o)
                0x0000000000028f00                l9_cpGFpxSet
 *fill*         0x0000000000029023       0x1d 
 .text          0x0000000000029040       0xc4 /opt/intel/sgxsdk/lib64//libsgx_tcrypto.a(l9_pcphashmessage_rmf.c.o)
                0x0000000000029040                l9_ippsHashMessage_rmf
 *fill*         0x0000000000029104       0x1c 
 .text          0x0000000000029120      0x194 /opt/intel/sgxsdk/lib64//libsgx_tcrypto.a(l9_pcphashmethod_sha256_tt.c.o)
                0x0000000000029240                l9_ippsHashMethod_SHA256_TT
 *fill*         0x00000000000292b4        0xc 
 .text          0x00000000000292c0      0xfed /opt/intel/sgxsdk/lib64//libsgx_tcrypto.a(l9_pcprijkeysca.c.o)
                0x00000000000292c0                l9_ExpandRijndaelKey
 *fill*         0x000000000002a2ad       0x13 
 .text          0x000000000002a2c0      0x2da /opt/intel/sgxsdk/lib64//libsgx_tcrypto.a(l9_pcpbnuaddm7as.asm.o)
                0x000000000002a2c0                l9_cpAdd_BNU
 *fill*         0x000000000002a59a        0x6 
 .text          0x000000000002a5a0      0x353 /opt/intel/sgxsdk/lib64//libsgx_tcrypto.a(l9_pcpbnudivm7as.asm.o)
                0x000000000002a5a0                l9_cpDiv_BNU32
 *fill*         0x000000000002a8f3        0xd 
 .text          0x000000000002a900     0x6d72 /opt/intel/sgxsdk/lib64//libsgx_tcrypto.a(l9_pcpbnumulschoolsrvl9.asm.o)
                0x0000000000030ec0                l9_cpMulAdc_BNU_school
                0x00000000000311c0                l9_cpSqrAdc_BNU_school
                0x0000000000031240                l9_cpMontRedAdc_BNU
 *fill*         0x0000000000031672        0xe 
 .text          0x0000000000031680     0x9a10 /opt/intel/sgxsdk/lib64//libsgx_tcrypto.a(l9_pcpbnumulschoolsrvl9pp.asm.o)
                0x000000000003a840                l9_cpMulAdx_BNU_school
                0x000000000003ab80                l9_cpSqrAdx_BNU_school
                0x000000000003ac00                l9_cpMontRedAdx_BNU
 *fill*         0x000000000003b090       0x10 
 .text          0x000000000003b0a0      0x2da /opt/intel/sgxsdk/lib64//libsgx_tcrypto.a(l9_pcpbnusubm7as.asm.o)
                0x000000000003b0a0                l9_cpSub_BNU
 *fill*         0x000000000003b37a        0x6 
 .text          0x000000000003b380     0x1007 /opt/intel/sgxsdk/lib64//libsgx_tcrypto.a(l9_pcpp256r1funcs_montas.asm.o)
                0x000000000003b420                l9_p256r1_mul_by_2
                0x000000000003b4c0                l9_p256r1_div_by_2
                0x000000000003b560                l9_p256r1_mul_by_3
                0x000000000003b640                l9_p256r1_add
                0x000000000003b6c0                l9_p256r1_sub
                0x000000000003b740                l9_p256r1_neg
                0x000000000003ba40                l9_p256r1_mul_montl
                0x000000000003ba80                l9_p256r1_to_mont
                0x000000000003bd20                l9_p256r1_mul_montx
                0x000000000003bd60                l9_p256r1_sqr_montl
                0x000000000003bf80                l9_p256r1_sqr_montx
                0x000000000003c1a0                l9_p256r1_mont_back
                0x000000000003c2e0                l9_p256r1_select_ap_w7
 *fill*         0x000000000003c387       0x19 
 .text          0x000000000003c3a0       0x8f /opt/intel/sgxsdk/lib64//libsgx_tcrypto.a(l9_pcprij128cmace9as.asm.o)
                0x000000000003c3a0                l9_cpAESCMAC_Update_AES_NI
 *fill*         0x000000000003c42f       0x11 
 .text          0x000000000003c440       0x92 /opt/intel/sgxsdk/lib64//libsgx_tcrypto.a(l9_pcprij128decrypte9as.asm.o)
                0x000000000003c440                l9_Decrypt_RIJ128_AES_NI
 *fill*         0x000000000003c4d2        0xe 
 .text          0x000000000003c4e0       0x85 /opt/intel/sgxsdk/lib64//libsgx_tcrypto.a(l9_pcprij128encrypte9as.asm.o)
                0x000000000003c4e0                l9_Encrypt_RIJ128_AES_NI
 *fill*         0x000000000003c565       0x1b 
 .text          0x000000000003c580      0x4b2 /opt/intel/sgxsdk/lib64//libsgx_tcrypto.a(l9_pcprij128safedecu8as.asm.o)
                0x000000000003c6e0                l9_SafeDecrypt_RIJ128
 *fill*         0x000000000003ca32        0xe 
 .text          0x000000000003ca40      0x453 /opt/intel/sgxsdk/lib64//libsgx_tcrypto.a(l9_pcprij128safeencu8as.asm.o)
                0x000000000003cb60                l9_TransformNative2Composite
                0x000000000003cbc0                l9_SafeEncrypt_RIJ128
 *fill*         0x000000000003ce93        0xd 
 .text          0x000000000003cea0     0x1563 /opt/intel/sgxsdk/lib64//libsgx_tcrypto.a(l9_pcpsha256l9as.asm.o)
                0x000000000003d100                l9_UpdateSHA256
 *fill*         0x000000000003e403       0x1d 
 .text          0x000000000003e420      0x357 /opt/intel/sgxsdk/lib64//libsgx_tcrypto.a(l9_pcpsha256nias.asm.o)
                0x000000000003e440                l9_UpdateSHA256ni
 *fill*         0x000000000003e777        0x9 
 .text          0x000000000003e780      0x140 /opt/intel/sgxsdk/lib64//libsgx_tcrypto.a(k1_pcpaes_cmacfinal.c.o)
                0x000000000003e780                k1_ippsAES_CMACFinal
 .text          0x000000000003e8c0       0x18 /opt/intel/sgxsdk/lib64//libsgx_tcrypto.a(k1_pcpaes_cmacgetsize.c.o)
                0x000000000003e8c0                k1_ippsAES_CMACGetSize
 *fill*         0x000000000003e8d8        0x8 
 .text          0x000000000003e8e0      0x241 /opt/intel/sgxsdk/lib64//libsgx_tcrypto.a(k1_pcpaes_cmacgettag.c.o)
                0x000000000003e8e0                k1_ippsAES_CMACGetTag
 *fill*         0x000000000003eb21       0x1f 
 .text          0x000000000003eb40      0x2b4 /opt/intel/sgxsdk/lib64//libsgx_tcrypto.a(k1_pcpaes_cmacinit.c.o)
                0x000000000003eb40                k1_ippsAES_CMACInit
 *fill*         0x000000000003edf4        0xc 
 .text          0x000000000003ee00      0x418 /opt/intel/sgxsdk/lib64//libsgx_tcrypto.a(k1_pcpaes_cmacupdate.c.o)
                0x000000000003ee00                k1_ippsAES_CMACUpdate
 *fill*         0x000000000003f218        0x8 
 .text          0x000000000003f220      0x294 /opt/intel/sgxsdk/lib64//libsgx_tcrypto.a(k1_pcpaesminitca.c.o)
                0x000000000003f220                k1_ippsAESInit
 *fill*         0x000000000003f4b4        0xc 
 .text          0x000000000003f4c0      0x527 /opt/intel/sgxsdk/lib64//libsgx_tcrypto.a(k1_pcpbnarithmod.c.o)
                0x000000000003f4c0                k1_ippsMod_BN
 *fill*         0x000000000003f9e7       0x19 
 .text          0x000000000003fa00       0x3c /opt/intel/sgxsdk/lib64//libsgx_tcrypto.a(k1_pcpbngetsize.c.o)
                0x000000000003fa00                k1_ippsBigNumGetSize
 *fill*         0x000000000003fa3c        0x4 
 .text          0x000000000003fa40      0x1b8 /opt/intel/sgxsdk/lib64//libsgx_tcrypto.a(k1_pcpbninit.c.o)
                0x000000000003fa40                k1_ippsBigNumInit
 *fill*         0x000000000003fbf8        0x8 
 .text          0x000000000003fc00       0xac /opt/intel/sgxsdk/lib64//libsgx_tcrypto.a(k1_pcpbnsetoctstr.c.o)
                0x000000000003fc00                k1_ippsSetOctString_BN
 *fill*         0x000000000003fcac       0x14 
 .text          0x000000000003fcc0      0x25f /opt/intel/sgxsdk/lib64//libsgx_tcrypto.a(k1_pcpbnsetwords.c.o)
                0x000000000003fcc0                k1_ippsSet_BN
 *fill*         0x000000000003ff1f        0x1 
 .text          0x000000000003ff20      0x19a /opt/intel/sgxsdk/lib64//libsgx_tcrypto.a(k1_pcpbnu_setoctstr.c.o)
                0x000000000003ff20                k1_cpFromOctStr_BNU
 *fill*         0x00000000000400ba        0x6 
 .text          0x00000000000400c0        0x9 /opt/intel/sgxsdk/lib64//libsgx_tcrypto.a(k1_pcpeccpcheckpoint.c.o)
                0x00000000000400c0                k1_ippsECCPCheckPoint
 *fill*         0x00000000000400c9       0x17 
 .text          0x00000000000400e0       0x6c /opt/intel/sgxsdk/lib64//libsgx_tcrypto.a(k1_pcpeccpgetsize.c.o)
                0x00000000000400e0                k1_ippsECCPGetSize
 *fill*         0x000000000004014c       0x14 
 .text          0x0000000000040160       0xac /opt/intel/sgxsdk/lib64//libsgx_tcrypto.a(k1_pcpeccpinit.c.o)
                0x0000000000040160                k1_ippsECCPInit
 *fill*         0x000000000004020c       0x14 
 .text          0x0000000000040220       0x32 /opt/intel/sgxsdk/lib64//libsgx_tcrypto.a(k1_pcpeccppointgetsize.c.o)
                0x0000000000040220                k1_ippsECCPPointGetSize
 *fill*         0x0000000000040252        0xe 
 .text          0x0000000000040260      0x2ae /opt/intel/sgxsdk/lib64//libsgx_tcrypto.a(k1_pcpeccppointinit.c.o)
                0x0000000000040260                k1_ippsECCPPointInit
 *fill*         0x000000000004050e       0x12 
 .text          0x0000000000040520      0x268 /opt/intel/sgxsdk/lib64//libsgx_tcrypto.a(k1_pcpeccpsetkeyca.c.o)
                0x0000000000040520                k1_ippsECCPSetKeyPair
 *fill*         0x0000000000040788       0x18 
 .text          0x00000000000407a0      0x1de /opt/intel/sgxsdk/lib64//libsgx_tcrypto.a(k1_pcpeccpsetpoint.c.o)
                0x00000000000407a0                k1_ippsECCPSetPoint
 *fill*         0x000000000004097e        0x2 
 .text          0x0000000000040980       0x78 /opt/intel/sgxsdk/lib64//libsgx_tcrypto.a(k1_pcpeccpsetstd256r1.c.o)
                0x0000000000040980                k1_ippsECCPSetStd256r1
 *fill*         0x00000000000409f8        0x8 
 .text          0x0000000000040a00     0x1773 /opt/intel/sgxsdk/lib64//libsgx_tcrypto.a(k1_pcpeccpverifydsaca.c.o)
                0x0000000000040a00                k1_ippsECCPVerifyDSA
 *fill*         0x0000000000042173        0xd 
 .text          0x0000000000042180      0x3ec /opt/intel/sgxsdk/lib64//libsgx_tcrypto.a(k1_pcpgfp.c.o)
                0x0000000000042180                k1_cpGFpGetSize
                0x00000000000421c0                k1_cpGFpInitGFp
 *fill*         0x000000000004256c       0x14 
 .text          0x0000000000042580       0x6d /opt/intel/sgxsdk/lib64//libsgx_tcrypto.a(k1_pcpgfpec.c.o)
                0x0000000000042580                k1_cpGFpECGetSize
 *fill*         0x00000000000425ed       0x13 
 .text          0x0000000000042600      0x651 /opt/intel/sgxsdk/lib64//libsgx_tcrypto.a(k1_pcpgfpec_baseprod.c.o)
                0x0000000000042600                k1_gfec_BasePointProduct
 *fill*         0x0000000000042c51        0xf 
 .text          0x0000000000042c60      0x7e5 /opt/intel/sgxsdk/lib64//libsgx_tcrypto.a(k1_pcpgfpec_getpoint.c.o)
                0x0000000000042c60                k1_gfec_GetPoint
 *fill*         0x0000000000043445       0x1b 
 .text          0x0000000000043460      0x837 /opt/intel/sgxsdk/lib64//libsgx_tcrypto.a(k1_pcpgfpec_mul.c.o)
                0x0000000000043460                k1_gfec_point_mul
 *fill*         0x0000000000043c97        0x9 
 .text          0x0000000000043ca0      0x92f /opt/intel/sgxsdk/lib64//libsgx_tcrypto.a(k1_pcpgfpec_mulbase.c.o)
                0x0000000000043ca0                k1_gfec_base_point_mul
 *fill*         0x00000000000445cf       0x11 
 .text          0x00000000000445e0      0xd69 /opt/intel/sgxsdk/lib64//libsgx_tcrypto.a(k1_pcpgfpec_prod.c.o)
                0x00000000000445e0                k1_gfec_point_prod
 *fill*         0x0000000000045349       0x17 
 .text          0x0000000000045360      0x7ce /opt/intel/sgxsdk/lib64//libsgx_tcrypto.a(k1_pcpgfpec_setpoint.c.o)
                0x0000000000045360                k1_gfec_SetPoint
 *fill*         0x0000000000045b2e       0x12 
 .text          0x0000000000045b40      0x2f4 /opt/intel/sgxsdk/lib64//libsgx_tcrypto.a(k1_pcpgfpec_setuptable.c.o)
                0x0000000000045b40                k1_setupTable
 *fill*         0x0000000000045e34        0xc 
 .text          0x0000000000045e40      0x581 /opt/intel/sgxsdk/lib64//libsgx_tcrypto.a(k1_pcpgfpecinit.c.o)
                0x0000000000045e40                k1_ippsGFpECInit
 *fill*         0x00000000000463c1       0x1f 
 .text          0x00000000000463e0      0x73d /opt/intel/sgxsdk/lib64//libsgx_tcrypto.a(k1_pcpgfpecset.c.o)
                0x00000000000463e0                k1_ippsGFpECSet
 *fill*         0x0000000000046b1d        0x3 
 .text          0x0000000000046b20       0xd6 /opt/intel/sgxsdk/lib64//libsgx_tcrypto.a(k1_pcpgfpecsetpoint.c.o)
                0x0000000000046b20                k1_ippsGFpECSetPoint
 *fill*         0x0000000000046bf6        0xa 
 .text          0x0000000000046c00      0x1d1 /opt/intel/sgxsdk/lib64//libsgx_tcrypto.a(k1_pcpgfpectstpoint.c.o)
                0x0000000000046c00                k1_ippsGFpECTstPoint
 *fill*         0x0000000000046dd1        0xf 
 .text          0x0000000000046de0       0x4c /opt/intel/sgxsdk/lib64//libsgx_tcrypto.a(k1_pcpgfpmethod_256r1.c.o)
                0x0000000000046de0                k1_ippsGFpMethod_p256r1
 *fill*         0x0000000000046e2c       0x14 
 .text          0x0000000000046e40      0x4ae /opt/intel/sgxsdk/lib64//libsgx_tcrypto.a(k1_pcpgfpsetelem.c.o)
                0x0000000000046e40                k1_ippsGFpSetElement
 *fill*         0x00000000000472ee       0x12 
 .text          0x0000000000047300     0x1e98 /opt/intel/sgxsdk/lib64//libsgx_tcrypto.a(k1_pcpgfpx_inv.c.o)
                0x0000000000047300                k1_cpGFpxInv
 *fill*         0x0000000000049198        0x8 
 .text          0x00000000000491a0       0x99 /opt/intel/sgxsdk/lib64//libsgx_tcrypto.a(k1_pcpgfpx_mul_gfe.c.o)
                0x00000000000491a0                k1_cpGFpxMul_GFE
 *fill*         0x0000000000049239        0x7 
 .text          0x0000000000049240       0x92 /opt/intel/sgxsdk/lib64//libsgx_tcrypto.a(k1_pcpgfpx_neg.c.o)
                0x0000000000049240                k1_cpGFpxNeg
 *fill*         0x00000000000492d2        0xe 
 .text          0x00000000000492e0      0x123 /opt/intel/sgxsdk/lib64//libsgx_tcrypto.a(k1_pcpgfpx_set.c.o)
                0x00000000000492e0                k1_cpGFpxSet
 *fill*         0x0000000000049403       0x1d 
 .text          0x0000000000049420       0xc4 /opt/intel/sgxsdk/lib64//libsgx_tcrypto.a(k1_pcphashmessage_rmf.c.o)
                0x0000000000049420                k1_ippsHashMessage_rmf
 *fill*         0x00000000000494e4       0x1c 
 .text          0x0000000000049500      0x188 /opt/intel/sgxsdk/lib64//libsgx_tcrypto.a(k1_pcphashmethod_sha256_tt.c.o)
                0x0000000000049620                k1_ippsHashMethod_SHA256_TT
 *fill*         0x0000000000049688       0x18 
 .text          0x00000000000496a0     0x20e6 /opt/intel/sgxsdk/lib64//libsgx_tcrypto.a(k1_pcprijkeysca.c.o)
                0x00000000000496a0                k1_ExpandRijndaelKey
 *fill*         0x000000000004b786       0x3a 
 .text          0x000000000004b7c0      0x2da /opt/intel/sgxsdk/lib64//libsgx_tcrypto.a(k1_pcpbnuaddm7as.asm.o)
                0x000000000004b7c0                k1_cpAdd_BNU
 *fill*         0x000000000004ba9a       0x26 
 .text          0x000000000004bac0      0x353 /opt/intel/sgxsdk/lib64//libsgx_tcrypto.a(k1_pcpbnudivm7as.asm.o)
                0x000000000004bac0                k1_cpDiv_BNU32
 *fill*         0x000000000004be13       0x2d 
 .text          0x000000000004be40     0x7472 /opt/intel/sgxsdk/lib64//libsgx_tcrypto.a(k1_pcpbnumulschoolsrvl9.asm.o)
                0x0000000000052b00                k1_cpMulAdc_BNU_school
                0x0000000000052e00                k1_cpSqrAdc_BNU_school
                0x0000000000052e80                k1_cpMontRedAdc_BNU
 *fill*         0x00000000000532b2        0xe 
 .text          0x00000000000532c0     0x9f90 /opt/intel/sgxsdk/lib64//libsgx_tcrypto.a(k1_pcpbnumulschoolsrvl9pp.asm.o)
                0x000000000005ca00                k1_cpMulAdx_BNU_school
                0x000000000005cd40                k1_cpSqrAdx_BNU_school
                0x000000000005cdc0                k1_cpMontRedAdx_BNU
 *fill*         0x000000000005d250       0x30 
 .text          0x000000000005d280      0x2da /opt/intel/sgxsdk/lib64//libsgx_tcrypto.a(k1_pcpbnusubm7as.asm.o)
                0x000000000005d280                k1_cpSub_BNU
 *fill*         0x000000000005d55a       0x26 
 .text          0x000000000005d580     0x10e7 /opt/intel/sgxsdk/lib64//libsgx_tcrypto.a(k1_pcpp256r1funcs_montas.asm.o)
                0x000000000005d640                k1_p256r1_mul_by_2
                0x000000000005d700                k1_p256r1_div_by_2
                0x000000000005d7c0                k1_p256r1_mul_by_3
                0x000000000005d8c0                k1_p256r1_add
                0x000000000005d940                k1_p256r1_sub
                0x000000000005d9c0                k1_p256r1_neg
                0x000000000005dcc0                k1_p256r1_mul_montl
                0x000000000005dd00                k1_p256r1_to_mont
                0x000000000005dfc0                k1_p256r1_mul_montx
                0x000000000005e000                k1_p256r1_sqr_montl
                0x000000000005e240                k1_p256r1_sqr_montx
                0x000000000005e480                k1_p256r1_mont_back
                0x000000000005e5c0                k1_p256r1_select_ap_w7
 *fill*         0x000000000005e667       0x19 
 .text          0x000000000005e680       0xaf /opt/intel/sgxsdk/lib64//libsgx_tcrypto.a(k1_pcprij128cmace9as.asm.o)
                0x000000000005e680                k1_cpAESCMAC_Update_AES_NI
 *fill*         0x000000000005e72f       0x11 